[    0.000000] Initializing cgroup subsys cpuset
[    0.000000] Initializing cgroup subsys cpu
[    0.000000] Initializing cgroup subsys cpuacct
[    0.000000] Linux version 4.4.0-184-generic (buildd@lgw01-amd64-060) (gcc version 5.4.0 20160609 (Ubuntu 5.4.0-6ubuntu1~16.04.12) ) #214-Ubuntu SMP Thu Jun 4 10:14:11 UTC 2020 (Ubuntu 4.4.0-184.214-generic 4.4.223)
[    0.000000] Command line: BOOT_IMAGE=/boot/vmlinuz-4.4.0-184-generic root=LABEL=cloudimg-rootfs ro console=tty1 console=ttyS0
[    0.000000] KERNEL supported cpus:
[    0.000000]   Intel GenuineIntel
[    0.000000]   AMD AuthenticAMD
[    0.000000]   Centaur CentaurHauls
[    0.000000] x86/fpu: xstate_offset[2]:  576, xstate_sizes[2]:  256
[    0.000000] x86/fpu: Supporting XSAVE feature 0x01: 'x87 floating point registers'
[    0.000000] x86/fpu: Supporting XSAVE feature 0x02: 'SSE registers'
[    0.000000] x86/fpu: Supporting XSAVE feature 0x04: 'AVX registers'
[    0.000000] x86/fpu: Enabled xstate features 0x7, context size is 832 bytes, using 'standard' format.
[    0.000000] e820: BIOS-provided physical RAM map:
[    0.000000] BIOS-e820: [mem 0x0000000000000000-0x000000000009fbff] usable
[    0.000000] BIOS-e820: [mem 0x000000000009fc00-0x000000000009ffff] reserved
[    0.000000] BIOS-e820: [mem 0x00000000000f0000-0x00000000000fffff] reserved
[    0.000000] BIOS-e820: [mem 0x0000000000100000-0x000000003ffeffff] usable
[    0.000000] BIOS-e820: [mem 0x000000003fff0000-0x000000003fffffff] ACPI data
[    0.000000] BIOS-e820: [mem 0x00000000fec00000-0x00000000fec00fff] reserved
[    0.000000] BIOS-e820: [mem 0x00000000fee00000-0x00000000fee00fff] reserved
[    0.000000] BIOS-e820: [mem 0x00000000fffc0000-0x00000000ffffffff] reserved
[    0.000000] NX (Execute Disable) protection: active
[    0.000000] SMBIOS 2.5 present.
[    0.000000] Hypervisor detected: KVM
[    0.000000] e820: last_pfn = 0x3fff0 max_arch_pfn = 0x400000000
[    0.000000] MTRR: Disabled
[    0.000000] x86/PAT: MTRRs disabled, skipping PAT initialization too.
[    0.000000] CPU MTRRs all blank - virtualized system.
[    0.000000] x86/PAT: Configuration [0-7]: WB  WT  UC- UC  WB  WT  UC- UC  
[    0.000000] found SMP MP-table at [mem 0x0009fff0-0x0009ffff] mapped at [ffff88000009fff0]
[    0.000000] Scanning 1 areas for low memory corruption
[    0.000000] RAMDISK: [mem 0x362de000-0x37166fff]
[    0.000000] ACPI: Early table checksum verification disabled
[    0.000000] ACPI: RSDP 0x00000000000E0000 000024 (v02 VBOX  )
[    0.000000] ACPI: XSDT 0x000000003FFF0030 00003C (v01 VBOX   VBOXXSDT 00000001 ASL  00000061)
[    0.000000] ACPI: FACP 0x000000003FFF00F0 0000F4 (v04 VBOX   VBOXFACP 00000001 ASL  00000061)
[    0.000000] ACPI: DSDT 0x000000003FFF0470 002325 (v02 VBOX   VBOXBIOS 00000002 INTL 20100528)
[    0.000000] ACPI: FACS 0x000000003FFF0200 000040
[    0.000000] ACPI: FACS 0x000000003FFF0200 000040
[    0.000000] ACPI: APIC 0x000000003FFF0240 00005C (v02 VBOX   VBOXAPIC 00000001 ASL  00000061)
[    0.000000] ACPI: SSDT 0x000000003FFF02A0 0001CC (v01 VBOX   VBOXCPUT 00000002 INTL 20100528)
[    0.000000] No NUMA configuration found
[    0.000000] Faking a node at [mem 0x0000000000000000-0x000000003ffeffff]
[    0.000000] NODE_DATA(0) allocated [mem 0x3ffeb000-0x3ffeffff]
[    0.000000] kvm-clock: Using msrs 4b564d01 and 4b564d00
[    0.000000] kvm-clock: cpu 0, msr 0:3ffe3001, primary cpu clock
[    0.000000] kvm-clock: using sched offset of 5595647076 cycles
[    0.000000] clocksource: kvm-clock: mask: 0xffffffffffffffff max_cycles: 0x1cd42e4dffb, max_idle_ns: 881590591483 ns
[    0.000000] Zone ranges:
[    0.000000]   DMA      [mem 0x0000000000001000-0x0000000000ffffff]
[    0.000000]   DMA32    [mem 0x0000000001000000-0x000000003ffeffff]
[    0.000000]   Normal   empty
[    0.000000]   Device   empty
[    0.000000] Movable zone start for each node
[    0.000000] Early memory node ranges
[    0.000000]   node   0: [mem 0x0000000000001000-0x000000000009efff]
[    0.000000]   node   0: [mem 0x0000000000100000-0x000000003ffeffff]
[    0.000000] Initmem setup node 0 [mem 0x0000000000001000-0x000000003ffeffff]
[    0.000000] ACPI: PM-Timer IO Port: 0x4008
[    0.000000] IOAPIC[0]: apic_id 2, version 32, address 0xfec00000, GSI 0-23
[    0.000000] ACPI: INT_SRC_OVR (bus 0 bus_irq 0 global_irq 2 dfl dfl)
[    0.000000] ACPI: INT_SRC_OVR (bus 0 bus_irq 9 global_irq 9 low level)
[    0.000000] Using ACPI (MADT) for SMP configuration information
[    0.000000] smpboot: Allowing 2 CPUs, 0 hotplug CPUs
[    0.000000] PM: Registered nosave memory: [mem 0x00000000-0x00000fff]
[    0.000000] PM: Registered nosave memory: [mem 0x0009f000-0x0009ffff]
[    0.000000] PM: Registered nosave memory: [mem 0x000a0000-0x000effff]
[    0.000000] PM: Registered nosave memory: [mem 0x000f0000-0x000fffff]
[    0.000000] e820: [mem 0x40000000-0xfebfffff] available for PCI devices
[    0.000000] Booting paravirtualized kernel on KVM
[    0.000000] clocksource: refined-jiffies: mask: 0xffffffff max_cycles: 0xffffffff, max_idle_ns: 7645519600211568 ns
[    0.000000] setup_percpu: NR_CPUS:512 nr_cpumask_bits:512 nr_cpu_ids:2 nr_node_ids:1
[    0.000000] PERCPU: Embedded 33 pages/cpu @ffff88003fc00000 s95448 r8192 d31528 u1048576
[    0.000000] Built 1 zonelists in Node order, mobility grouping on.  Total pages: 257912
[    0.000000] Policy zone: DMA32
[    0.000000] Kernel command line: BOOT_IMAGE=/boot/vmlinuz-4.4.0-184-generic root=LABEL=cloudimg-rootfs ro console=tty1 console=ttyS0
[    0.000000] PID hash table entries: 4096 (order: 3, 32768 bytes)
[    0.000000] Memory: 997664K/1048120K available (8632K kernel code, 1336K rwdata, 4036K rodata, 1492K init, 1292K bss, 50456K reserved, 0K cma-reserved)
[    0.000000] SLUB: HWalign=64, Order=0-3, MinObjects=0, CPUs=2, Nodes=1
[    0.000000] Kernel/User page tables isolation: enabled
[    0.000000] Hierarchical RCU implementation.
[    0.000000] 	Build-time adjustment of leaf fanout to 64.
[    0.000000] 	RCU restricting CPUs from NR_CPUS=512 to nr_cpu_ids=2.
[    0.000000] RCU: Adjusting geometry for rcu_fanout_leaf=64, nr_cpu_ids=2
[    0.000000] NR_IRQS:33024 nr_irqs:440 16
[    0.000000] Console: colour VGA+ 80x25
[    0.000000] console [tty1] enabled
[    0.000000] console [ttyS0] enabled
[    0.000000] tsc: Detected 2394.460 MHz processor
[    0.526219] Calibrating delay loop (skipped) preset value.. 4788.92 BogoMIPS (lpj=9577840)
[    0.531807] pid_max: default: 32768 minimum: 301
[    0.537442] ACPI: Core revision 20150930
[    0.545674] ACPI: 2 ACPI AML tables successfully acquired and loaded
[    0.551417] Security Framework initialized
[    0.554130] Yama: becoming mindful.
[    0.556106] AppArmor: AppArmor initialized
[    0.559085] Dentry cache hash table entries: 131072 (order: 8, 1048576 bytes)
[    0.569459] Inode-cache hash table entries: 65536 (order: 7, 524288 bytes)
[    0.574120] Mount-cache hash table entries: 2048 (order: 2, 16384 bytes)
[    0.577172] Mountpoint-cache hash table entries: 2048 (order: 2, 16384 bytes)
[    0.580536] Initializing cgroup subsys io
[    0.584887] Initializing cgroup subsys memory
[    0.588045] Initializing cgroup subsys devices
[    0.590908] Initializing cgroup subsys freezer
[    0.593497] Initializing cgroup subsys net_cls
[    0.596279] Initializing cgroup subsys perf_event
[    0.602083] Initializing cgroup subsys net_prio
[    0.604912] Initializing cgroup subsys hugetlb
[    0.607522] Initializing cgroup subsys pids
[    0.611313] mce: CPU supports 0 MCE banks
[    0.617277] Last level iTLB entries: 4KB 64, 2MB 8, 4MB 8
[    0.620860] Last level dTLB entries: 4KB 64, 2MB 0, 4MB 0, 1GB 4
[    0.623398] Spectre V1 : Mitigation: usercopy/swapgs barriers and __user pointer sanitization
[    0.627537] Spectre V2 : Mitigation: Full generic retpoline
[    0.629982] Spectre V2 : Spectre v2 / SpectreRSB mitigation: Filling RSB on context switch
[    0.636983] Speculative Store Bypass: Vulnerable
[    0.639658] SRBDS: Unknown: Dependent on hypervisor status
[    0.642620] MDS: Vulnerable: Clear CPU buffers attempted, no microcode
[    0.654270] Freeing SMP alternatives memory: 36K
[    0.673332] ftrace: allocating 32319 entries in 127 pages
[    0.839072] smpboot: APIC(0) Converting physical 0 to logical package 0
[    0.842526] smpboot: Max logical packages: 1
[    0.845303] x2apic enabled
[    0.851424] Switched APIC routing to physical x2apic.
[    0.857907] ..TIMER: vector=0x30 apic1=0 pin1=2 apic2=-1 pin2=-1
[    0.968882] smpboot: CPU0: Intel(R) Core(TM) i7-5500U CPU @ 2.40GHz (family: 0x6, model: 0x3d, stepping: 0x4)
[    0.973672] Performance Events: unsupported p6 CPU model 61 no PMU driver, software events only.
[    1.001430] KVM setup paravirtual spinlock
[    1.005269] x86: Booting SMP configuration:
[    1.007556] .... node  #0, CPUs:      #1
[    1.009471] kvm-clock: cpu 1, msr 0:3ffe3041, secondary cpu clock
[    1.012711] mce: CPU supports 0 MCE banks
[    1.016142] x86: Booted up 1 node, 2 CPUs
[    1.020053] smpboot: Total of 2 processors activated (9577.84 BogoMIPS)
[    1.023980] devtmpfs: initialized
[    1.041698] evm: security.selinux
[    1.043384] evm: security.SMACK64
[    1.045326] evm: security.SMACK64EXEC
[    1.047383] evm: security.SMACK64TRANSMUTE
[    1.051311] evm: security.SMACK64MMAP
[    1.053117] evm: security.ima
[    1.054766] evm: security.capability
[    1.057074] clocksource: jiffies: mask: 0xffffffff max_cycles: 0xffffffff, max_idle_ns: 7645041785100000 ns
[    1.061934] futex hash table entries: 512 (order: 3, 32768 bytes)
[    1.067038] pinctrl core: initialized pinctrl subsystem
[    1.071163] RTC time: 13:44:22, date: 06/23/20
[    1.074679] NET: Registered protocol family 16
[    1.090489] cpuidle: using governor ladder
[    1.102192] cpuidle: using governor menu
[    1.104673] PCCT header not found.
[    1.107061] ACPI: bus type PCI registered
[    1.109348] acpiphp: ACPI Hot Plug PCI Controller Driver version: 0.5
[    1.113149] PCI: Using configuration type 1 for base access
[    1.130928] ACPI: Added _OSI(Module Device)
[    1.134259] ACPI: Added _OSI(Processor Device)
[    1.136879] ACPI: Added _OSI(3.0 _SCP Extensions)
[    1.140052] ACPI: Added _OSI(Processor Aggregator Device)
[    1.145553] ACPI: Executed 1 blocks of module-level executable AML code
[    1.158404] ACPI: Interpreter enabled
[    1.160948] ACPI: (supports S0 S5)
[    1.163229] ACPI: Using IOAPIC for interrupt routing
[    1.168604] PCI: Using host bridge windows from ACPI; if necessary, use "pci=nocrs" and report a bug
[    1.186599] ACPI: PCI Root Bridge [PCI0] (domain 0000 [bus 00-ff])
[    1.189742] acpi PNP0A03:00: _OSC: OS supports [ASPM ClockPM Segments MSI]
[    1.194430] acpi PNP0A03:00: _OSC: not requesting OS control; OS requires [ExtendedConfig ASPM ClockPM MSI]
[    1.200303] acpi PNP0A03:00: fail to add MMCONFIG information, can't access extended PCI configuration space under this bridge.
[    1.207583] PCI host bridge to bus 0000:00
[    1.210347] pci_bus 0000:00: root bus resource [io  0x0000-0x0cf7 window]
[    1.214746] pci_bus 0000:00: root bus resource [io  0x0d00-0xffff window]
[    1.219106] pci_bus 0000:00: root bus resource [mem 0x000a0000-0x000bffff window]
[    1.223830] pci_bus 0000:00: root bus resource [mem 0x40000000-0xfdffffff window]
[    1.227821] pci_bus 0000:00: root bus resource [bus 00-ff]
[    1.237274] pci 0000:00:01.1: legacy IDE quirk: reg 0x10: [io  0x01f0-0x01f7]
[    1.240924] pci 0000:00:01.1: legacy IDE quirk: reg 0x14: [io  0x03f6]
[    1.244181] pci 0000:00:01.1: legacy IDE quirk: reg 0x18: [io  0x0170-0x0177]
[    1.281283] pci 0000:00:01.1: legacy IDE quirk: reg 0x1c: [io  0x0376]
[    1.326620] pci 0000:00:07.0: quirk: [io  0x4000-0x403f] claimed by PIIX4 ACPI
[    1.331554] pci 0000:00:07.0: quirk: [io  0x4100-0x410f] claimed by PIIX4 SMB
[    1.362930] ACPI: PCI Interrupt Link [LNKA] (IRQs 5 9 10 *11)
[    1.368601] ACPI: PCI Interrupt Link [LNKB] (IRQs 5 9 *10 11)
[    1.373270] ACPI: PCI Interrupt Link [LNKC] (IRQs 5 *9 10 11)
[    1.377423] ACPI: PCI Interrupt Link [LNKD] (IRQs 5 9 10 *11)
[    1.382126] ACPI: Enabled 2 GPEs in block 00 to 07
[    1.389841] vgaarb: setting as boot device: PCI:0000:00:02.0
[    1.393349] vgaarb: device added: PCI:0000:00:02.0,decodes=io+mem,owns=io+mem,locks=none
[    1.399410] vgaarb: loaded
[    1.401948] vgaarb: bridge control possible 0000:00:02.0
[    1.405675] SCSI subsystem initialized
[    1.408609] ACPI: bus type USB registered
[    1.410756] usbcore: registered new interface driver usbfs
[    1.413140] usbcore: registered new interface driver hub
[    1.416845] usbcore: registered new device driver usb
[    1.420269] PCI: Using ACPI for IRQ routing
[    1.429097] NetLabel: Initializing
[    1.431603] NetLabel:  domain hash size = 128
[    1.435176] NetLabel:  protocols = UNLABELED CIPSOv4
[    1.440914] NetLabel:  unlabeled traffic allowed by default
[    1.444222] amd_nb: Cannot enumerate AMD northbridges
[    1.447414] clocksource: Switched to clocksource kvm-clock
[    1.485065] AppArmor: AppArmor Filesystem Enabled
[    1.489115] pnp: PnP ACPI init
[    1.493405] pnp: PnP ACPI: found 3 devices
[    1.514408] clocksource: acpi_pm: mask: 0xffffff max_cycles: 0xffffff, max_idle_ns: 2085701024 ns
[    1.521296] NET: Registered protocol family 2
[    1.524403] TCP established hash table entries: 8192 (order: 4, 65536 bytes)
[    1.528072] TCP bind hash table entries: 8192 (order: 5, 131072 bytes)
[    1.531961] TCP: Hash tables configured (established 8192 bind 8192)
[    1.535702] UDP hash table entries: 512 (order: 2, 16384 bytes)
[    1.539617] UDP-Lite hash table entries: 512 (order: 2, 16384 bytes)
[    1.543269] NET: Registered protocol family 1
[    1.547696] pci 0000:00:00.0: Limiting direct PCI/PCI transfers
[    1.551119] pci 0000:00:01.0: Activating ISA DMA hang workarounds
[    1.555080] Unpacking initramfs...
[    2.260280] Freeing initrd memory: 14884K
[    2.262974] RAPL PMU detected, API unit is 2^-32 Joules, 4 fixed counters 10737418240 ms ovfl timer
[    2.270008] hw unit of domain pp0-core 2^-0 Joules
[    2.272972] hw unit of domain package 2^-0 Joules
[    2.276013] hw unit of domain dram 2^-0 Joules
[    2.278085] hw unit of domain pp1-gpu 2^-0 Joules
[    2.281029] clocksource: tsc: mask: 0xffffffffffffffff max_cycles: 0x2283c649547, max_idle_ns: 440795304016 ns
[    2.286157] platform rtc_cmos: registered platform RTC device (no PNP device found)
[    2.290182] Scanning for low memory corruption every 60 seconds
[    2.293493] audit: initializing netlink subsys (disabled)
[    2.296041] audit: type=2000 audit(1592919870.504:1): initialized
[    2.300040] Initialise system trusted keyring
[    2.302318] HugeTLB registered 2 MB page size, pre-allocated 0 pages
[    2.309159] zbud: loaded
[    2.311372] VFS: Disk quotas dquot_6.6.0
[    2.313443] VFS: Dquot-cache hash table entries: 512 (order 0, 4096 bytes)
[    2.320051] squashfs: version 4.0 (2009/01/31) Phillip Lougher
[    2.323209] fuse init (API version 7.23)
[    2.325579] Key type big_key registered
[    2.327610] Allocating IMA MOK and blacklist keyrings.
[    2.332820] Key type asymmetric registered
[    2.334826] Asymmetric key parser 'x509' registered
[    2.337256] Block layer SCSI generic (bsg) driver version 0.4 loaded (major 249)
[    2.340973] io scheduler noop registered
[    2.342843] io scheduler deadline registered (default)
[    2.345267] io scheduler cfq registered
[    2.347431] pci_hotplug: PCI Hot Plug PCI Core version: 0.5
[    2.350223] pciehp: PCI Express Hot Plug Controller Driver version: 0.4
[    2.353242] ACPI: AC Adapter [AC] (on-line)
[    2.355400] input: Power Button as /devices/LNXSYSTM:00/LNXPWRBN:00/input/input0
[    2.359069] ACPI: Power Button [PWRF]
[    2.361142] input: Sleep Button as /devices/LNXSYSTM:00/LNXSLPBN:00/input/input1
[    2.364846] ACPI: Sleep Button [SLPF]
[    2.367128] GHES: HEST is not enabled!
[    2.368720] ACPI: Battery Slot [BAT0] (battery present)
[    2.372154] Serial: 8250/16550 driver, 32 ports, IRQ sharing enabled
[    2.396170] 00:02: ttyS0 at I/O 0x3f8 (irq = 4, base_baud = 115200) is a 16550A
[    2.408632] Linux agpgart interface v0.103
[    2.416105] loop: module loaded
[    2.419722] scsi host0: ata_piix
[    2.421668] scsi host1: ata_piix
[    2.423383] ata1: PATA max UDMA/33 cmd 0x1f0 ctl 0x3f6 bmdma 0xd000 irq 14
[    2.426427] ata2: PATA max UDMA/33 cmd 0x170 ctl 0x376 bmdma 0xd008 irq 15
[    2.429585] libphy: Fixed MDIO Bus: probed
[    2.431849] tun: Universal TUN/TAP device driver, 1.6
[    2.434383] tun: (C) 1999-2004 Max Krasnyansky <maxk@qualcomm.com>
[    2.437445] PPP generic driver version 2.4.2
[    2.439756] ehci_hcd: USB 2.0 'Enhanced' Host Controller (EHCI) Driver
[    2.442464] ehci-pci: EHCI PCI platform driver
[    2.444665] ehci-platform: EHCI generic platform driver
[    2.447502] ohci_hcd: USB 1.1 'Open' Host Controller (OHCI) Driver
[    2.450964] ohci-pci: OHCI PCI platform driver
[    2.453079] ohci-platform: OHCI generic platform driver
[    2.456449] uhci_hcd: USB Universal Host Controller Interface driver
[    2.459379] i8042: PNP: PS/2 Controller [PNP0303:PS2K,PNP0f03:PS2M] at 0x60,0x64 irq 1,12
[    2.465570] serio: i8042 KBD port at 0x60,0x64 irq 1
[    2.470625] serio: i8042 AUX port at 0x60,0x64 irq 12
[    2.474072] mousedev: PS/2 mouse device common for all mice
[    2.478203] input: AT Translated Set 2 keyboard as /devices/platform/i8042/serio0/input/input2
[    2.485641] rtc_cmos rtc_cmos: rtc core: registered rtc_cmos as rtc0
[    2.489356] rtc_cmos rtc_cmos: alarms up to one day, 114 bytes nvram
[    2.492924] i2c /dev entries driver
[    2.495186] device-mapper: uevent: version 1.0.3
[    2.498296] device-mapper: ioctl: 4.34.0-ioctl (2015-10-28) initialised: dm-devel@redhat.com
[    2.502676] ledtrig-cpu: registered to indicate activity on CPUs
[    2.506239] NET: Registered protocol family 10
[    2.509098] NET: Registered protocol family 17
[    2.511788] Key type dns_resolver registered
[    2.516384] registered taskstats version 1
[    2.519071] Loading compiled-in X.509 certificates
[    2.522577] Loaded X.509 cert 'Build time autogenerated kernel key: b6ae09eed57f82583ccd3c65c463e852cdd7a0b5'
[    2.527233] zswap: loaded using pool lzo/zbud
[    2.533580] Key type trusted registered
[    2.544937] Key type encrypted registered
[    2.547554] AppArmor: AppArmor sha1 policy hashing enabled
[    2.553195] ima: No TPM chip found, activating TPM-bypass!
[    2.555710] ima: Allocated hash algorithm: sha1
[    2.557879] evm: HMAC attrs: 0x1
[    2.560244]   Magic number: 8:790:736
[    2.562144] rtc_cmos rtc_cmos: setting system clock to 2020-06-23 13:44:24 UTC (1592919864)
[    2.567998] BIOS EDD facility v0.16 2004-Jun-25, 0 devices found
[    2.570732] EDD information not available.
[    2.622646] Freeing unused kernel memory: 1492K
[    2.624793] Write protecting the kernel read-only data: 14336k
[    2.628882] Freeing unused kernel memory: 1596K
[    2.632944] Freeing unused kernel memory: 60K
Loading, please wait...
starting version 229
[    2.660671] random: systemd-udevd: uninitialized urandom read (16 bytes read, 5 bits of entropy available)
[    2.661943] random: udevadm: uninitialized urandom read (16 bytes read, 5 bits of entropy available)
[    2.661992] random: udevadm: uninitialized urandom read (16 bytes read, 5 bits of entropy available)
[    2.679993] random: systemd-udevd: uninitialized urandom read (16 bytes read, 5 bits of entropy available)
[    2.687328] random: systemd-udevd: uninitialized urandom read (16 bytes read, 5 bits of entropy available)
[    2.688396] random: udevadm: uninitialized urandom read (16 bytes read, 5 bits of entropy available)
[    2.688479] random: udevadm: uninitialized urandom read (16 bytes read, 5 bits of entropy available)
[    2.688818] random: udevadm: uninitialized urandom read (16 bytes read, 5 bits of entropy available)
[    2.688937] random: udevadm: uninitialized urandom read (16 bytes read, 5 bits of entropy available)
[    2.689071] random: udevadm: uninitialized urandom read (16 bytes read, 5 bits of entropy available)
[    2.818730] e1000: Intel(R) PRO/1000 Network Driver - version 7.3.21-k8-NAPI
[    2.828309] e1000: Copyright (c) 1999-2006 Intel Corporation.
[    2.871271] Fusion MPT base driver 3.04.20
[    2.873911] Copyright (c) 1999-2008 LSI Corporation
[    2.905312] AVX2 version of gcm_enc/dec engaged.
[    2.909221] AES CTR mode by8 optimization enabled
[    2.943204] Fusion MPT SPI Host driver 3.04.20
[    3.119515] input: ImExPS/2 Generic Explorer Mouse as /devices/platform/i8042/serio1/input/input4
[    3.419167] e1000 0000:00:03.0 eth0: (PCI:33MHz:32-bit) 02:89:fa:04:16:8f
[    3.424710] e1000 0000:00:03.0 eth0: Intel(R) PRO/1000 Network Connection
[    3.429833] mptbase: ioc0: Initiating bringup
[    4.399577] ioc0: LSI53C1030 A0: Capabilities={Initiator}
[    5.894974] scsi host2: ioc0: LSI53C1030 A0, FwRev=00000000h, Ports=1, MaxQ=256, IRQ=20
[    7.384323] scsi 2:0:0:0: Direct-Access     VBOX     HARDDISK         1.0  PQ: 0 ANSI: 5
[    7.402156] scsi target2:0:0: Beginning Domain Validation
[    7.410412] scsi target2:0:0: Domain Validation skipping write tests
[    7.414772] scsi target2:0:0: Ending Domain Validation
[    7.418362] scsi target2:0:0: asynchronous
[    7.470045] scsi 2:0:1:0: Direct-Access     VBOX     HARDDISK         1.0  PQ: 0 ANSI: 5
[    7.476267] scsi target2:0:1: Beginning Domain Validation
[    7.483466] scsi target2:0:1: Domain Validation skipping write tests
[    7.488725] scsi target2:0:1: Ending Domain Validation
[    7.493217] scsi target2:0:1: asynchronous
[    7.509734] sd 2:0:0:0: Attached scsi generic sg0 type 0
[    7.512834] sd 2:0:0:0: [sda] 20971520 512-byte logical blocks: (10.7 GB/10.0 GiB)
[    7.520279] sd 2:0:1:0: [sdb] 20480 512-byte logical blocks: (10.5 MB/10.0 MiB)
[    7.525123] sd 2:0:1:0: Attached scsi generic sg1 type 0
[    7.528806] sd 2:0:1:0: [sdb] Write Protect is off
[    7.533675] sd 2:0:0:0: [sda] Write Protect is off
[    7.536815] sd 2:0:1:0: [sdb] Incomplete mode parameter data
[    7.540688] sd 2:0:1:0: [sdb] Assuming drive cache: write through
[    7.544666] sd 2:0:0:0: [sda] Incomplete mode parameter data
[    7.549908] sd 2:0:0:0: [sda] Assuming drive cache: write through
[    7.593123]  sda: sda1
[    7.596563] sd 2:0:1:0: [sdb] Attached SCSI disk
[    7.601846] sd 2:0:0:0: [sda] Attached SCSI disk
[    7.934652] e1000 0000:00:08.0 eth1: (PCI:33MHz:32-bit) 08:00:27:c0:31:2b
[    7.937848] e1000 0000:00:08.0 eth1: Intel(R) PRO/1000 Network Connection
[    7.942506] e1000 0000:00:03.0 enp0s3: renamed from eth0
[    7.960072] e1000 0000:00:08.0 enp0s8: renamed from eth1
Begin: Loading essential drivers ... [   10.403732] md: linear personality registered for level -1
[   10.411306] md: multipath personality registered for level -4
[   10.420345] md: raid0 personality registered for level 0
[   10.430086] md: raid1 personality registered for level 1
[   10.508314] raid6: sse2x1   gen()  1999 MB/s
[   10.575676] raid6: sse2x1   xor()  1250 MB/s
[   10.643562] raid6: sse2x2   gen()  3238 MB/s
[   10.711431] raid6: sse2x2   xor()  2081 MB/s
[   10.779733] raid6: sse2x4   gen()  5299 MB/s
[   10.851646] raid6: sse2x4   xor()  3029 MB/s
[   10.919859] raid6: avx2x1   gen()  3983 MB/s
[   10.987823] raid6: avx2x2   gen()  6082 MB/s
[   11.055630] raid6: avx2x4   gen()  7131 MB/s
[   11.057626] raid6: using algorithm avx2x4 gen() 7131 MB/s
[   11.059985] raid6: using avx2x2 recovery algorithm
[   11.067437] xor: automatically using best checksumming function:
[   11.107872]    avx       : 14371.000 MB/sec
[   11.112280] async_tx: api initialized (async)
[   11.136118] md: raid6 personality registered for level 6
[   11.139365] md: raid5 personality registered for level 5
[   11.141659] md: raid4 personality registered for level 4
[   11.157599] md: raid10 personality registered for level 10
done.
Begin: Running /scripts/init-premount ... done.
Begin: Mounting root file system ... Begin: Running /scripts/local-top ... done.
Begin: Running /scripts/local-premount ... [   11.239569] Btrfs loaded
Scanning for Btrfs filesystems
done.
Warning: fsck not present, so skipping root file system
[   11.329895] EXT4-fs (sda1): mounted filesystem with ordered data mode. Opts: (null)
done.
Begin: Running /scripts/local-bottom ... done.
Begin: Running /scripts/init-bottom ... done.
[   11.972480] random: nonblocking pool is initialized
[   12.359187] systemd[1]: systemd 229 running in system mode. (+PAM +AUDIT +SELINUX +IMA +APPARMOR +SMACK +SYSVINIT +UTMP +LIBCRYPTSETUP +GCRYPT +GNUTLS +ACL +XZ -LZ4 +SECCOMP +BLKID +ELFUTILS +KMOD -IDN)
[   12.368669] systemd[1]: Detected virtualization oracle.
[   12.371089] systemd[1]: Detected architecture x86-64.

Welcome to [1mUbuntu 16.04.6 LTS[0m!

[   12.445674] systemd[1]: Set hostname to <ubuntu-xenial>.
[   14.247224] systemd[1]: Listening on Journal Audit Socket.
[[0;32m  OK  [0m] Listening on Journal Audit Socket.
[   14.252920] systemd[1]: Created slice System Slice.
[[0;32m  OK  [0m] Created slice System Slice.
[   14.264261] systemd[1]: Reached target Encrypted Volumes.
[[0;32m  OK  [0m] Reached target Encrypted Volumes.
[   14.275787] systemd[1]: Reached target Swap.
[[0;32m  OK  [0m] Reached target Swap.
[   14.288486] systemd[1]: Listening on udev Kernel Socket.
[[0;32m  OK  [0m] Listening on udev Kernel Socket.
[   14.295712] systemd[1]: Listening on Device-mapper event daemon FIFOs.
[[0;32m  OK  [0m] Listening on Device-mapper event daemon FIFOs.
[   14.302563] systemd[1]: Listening on udev Control Socket.
[[0;32m  OK  [0m] Listening on udev Control Socket.
[   14.309619] systemd[1]: Listening on LVM2 poll daemon socket.
[[0;32m  OK  [0m] Listening on LVM2 poll daemon socket.
[   14.315902] systemd[1]: Listening on Journal Socket.
[[0;32m  OK  [0m] Listening on Journal Socket.
[   14.336334] systemd[1]: Starting Uncomplicated firewall...
         Starting Uncomplicated firewall...
[   14.345906] systemd[1]: Starting Set console keymap...
         Starting Set console keymap...
[   14.353232] systemd[1]: Starting Remount Root and Kernel File Systems...
         Starting Remount Root and Kernel File Systems...
[   14.359124] systemd[1]: Listening on LVM2 metadata daemon socket.
[[0;32m  OK  [0m] Listening on LVM2 metadata daemon socket.
[   14.367704] systemd[1]: Starting Monitoring of LVM2 mirrors, snapshots etc. using dmeventd or progress polling...
         Starting Monitoring of LVM2 mirrors... dmeventd or progress polling...
[   14.375686] systemd[1]: Reached target User and Group Name Lookups.
[[0;32m  OK  [0m] Reached target User and Group Name Lookups.
[   14.384504] systemd[1]: Mounting POSIX Message Queue File System...
         Mounting POSIX Message Queue File System...
[   14.390810] systemd[1]: Listening on /dev/initctl Compatibility Named Pipe.
[[0;32m  OK  [0m] Listening on /dev/initctl Compatibility Named Pipe.
[   14.397164] systemd[1]: Created slice system-serial\x2dgetty.slice.
[[0;32m  OK  [0m] Created slice system-serial\x2dgetty.slice.
[   14.481433] systemd[1]: Starting Load Kernel Modules...
         Starting Load Kernel Modules...
[   14.495457] systemd[1]: Mounting Huge Pages File System...
         Mounting Huge Pages File System...
[   14.503312] systemd[1]: Starting Nameserver information manager...
         Starting Nameserver information manager...
[   14.516514] systemd[1]: Set up automount Arbitrary Executable File Formats File System Automount Point.
[[0;32m  OK  [0m] Set up automount Arbitrary Executab...ats File System Automount Point.
[   14.550329] systemd[1]: Reached target System Time Synchronized.
[[0;32m  OK  [0m] Reached target System Time Synchronized.
[   14.555794] systemd[1]: Started Trigger resolvconf update for networkd DNS.
[[0;32m  OK  [0m] Started Trigger resolvconf update for networkd DNS.
[   14.560873] systemd[1]: Listening on Syslog Socket.
[[0;32m  OK  [0m] Listening on Syslog Socket.
[   14.572078] systemd[1]: Started Forward Password Requests to Wall Directory Watch.
[[0;32m  OK  [0m] Started Forward Password Requests to Wall Directory Watch.
[   14.578748] systemd[1]: Listening on Journal Socket (/dev/log).
[[0;32m  OK  [0m] Listening on Journal Socket (/dev/log).
[   14.596504] systemd[1]: Starting Journal Service...
         Starting Journal Service...
[   14.609324] systemd[1]: Starting Create list of required static device nodes for the current kernel...
         Starting Create list of required st... nodes for the current kernel...
[   14.619596] systemd[1]: Created slice User and Session Slice.
[[0;32m  OK  [0m] Created slice User and Session Slice.
[   14.625139] systemd[1]: Reached target Slices.
[[0;32m  OK  [0m] Reached target Slices.
[   14.649303] systemd[1]: Mounting Debug File System...
         Mounting Debug File System...
[   14.661559] systemd[1]: Started Uncomplicated firewall.
[[0;32m  OK  [0m] Started Uncomplicated firewall.
[   14.736130] EXT4-fs (sda1): re-mounted. Opts: (null)
[   14.739603] systemd[1]: Mounted Huge Pages File System.
[[0;32m  OK  [0m] Mounted Huge Pages File System.
[   14.746738] systemd[1]: Mounted POSIX Message Queue File System.
[[0;32m  OK  [0m] Mounted POSIX Message Queue File System.
[   14.754937] systemd[1]: Mounted Debug File System.
[[0;32m  OK  [0m] Mounted Debug File System.
[   14.761429] systemd[1]: Started Remount Root and Kernel File Systems.
[[0;32m  OK  [0m] Started Remount Root and Kernel File Systems.
[   14.782019] systemd[1]: Starting Load/Save Random Seed...
         Starting Load/Save Random Seed...
[   14.904259] systemd[1]: Starting udev Coldplug all Devices...
         Starting udev Coldplug all Devices...
[   14.921431] Loading iSCSI transport class v2.0-870.
[   15.075306] systemd[1]: Started Load/Save Random Seed.
[[0;32m  OK  [0m] Started Load/Save Random Seed.
[   15.105547] iscsi: registered transport (tcp)
[   15.142804] systemd[1]: Started Create list of required static device nodes for the current kernel.
[[0;32m  OK  [0m] Started Create list of required sta...ce nodes for the current kernel.
[   15.164921] systemd[1]: Starting Create Static Device Nodes in /dev...
         Starting Create Static Device Nodes in /dev...
[   15.177401] systemd[1]: Started LVM2 metadata daemon.
[[0;32m  OK  [0m] Started LVM2 metadata daemon.
[   15.307812] systemd[1]: Started Nameserver information manager.
[[0;32m  OK  [0m] Started Nameserver information manager.
[   15.357237] systemd[1]: Started Journal Service.
[[0;32m  OK  [0m] Started Journal Service.
         Starting Flush Journal to Persistent Storage...
[[0;32m  OK  [0m] Started Set console keymap.
[   15.577880] systemd-journald[393]: Received request to flush runtime journal from PID 1
[   15.578070] iscsi: registered transport (iser)
[[0;32m  OK  [0m] Started Load Kernel Modules.
         Mounting FUSE Control File System...
         Starting Apply Kernel Variables...
[[0;32m  OK  [0m] Mounted FUSE Control File System.
[[0;32m  OK  [0m] Started Flush Journal to Persistent Storage.
[[0;32m  OK  [0m] Started udev Coldplug all Devices.
[[0;32m  OK  [0m] Started Monitoring of LVM2 mirrors,...ng dmeventd or progress polling.
[[0;32m  OK  [0m] Started Apply Kernel Variables.
[[0;32m  OK  [0m] Started Create Static Device Nodes in /dev.
[[0;32m  OK  [0m] Reached target Local File Systems (Pre).
[[0;32m  OK  [0m] Reached target Local File Systems.
         Starting Initial cloud-init job (pre-networking)...
         Starting Set console font and keymap...
         Starting Create Volatile Files and Directories...
         Starting LSB: AppArmor initialization...
         Starting Tell Plymouth To Write Out Runtime Data...
         Starting udev Kernel Device Manager...
[[0;32m  OK  [0m] Started Tell Plymouth To Write Out Runtime Data.
[[0;32m  OK  [0m] Started Create Volatile Files and Directories.
         Starting Update UTMP about System Boot/Shutdown...
[[0;32m  OK  [0m] Started Update UTMP about System Boot/Shutdown.
[[0;32m  OK  [0m] Started udev Kernel Device Manager.
[[0;32m  OK  [0m] Started Dispatch Password Requests to Console Directory Watch.
[[0;32m  OK  [0m] Started Set console font and keymap.
[[0;32m  OK  [0m] Created slice system-getty.slice.
[[0;32m  OK  [0m] Found device /dev/ttyS0.
[[0;32m  OK  [0m] Listening on Load/Save RF Kill Switch Status /dev/rfkill Watch.
[[0;32m  OK  [0m] Found device 82540EM Gigabit Ethern...r (PRO/1000 MT Desktop Adapter).
[[0;32m  OK  [0m] Started LSB: AppArmor initialization.
[[0;32m  OK  [0m] Found device 82540EM Gigabit Ethern...r (PRO/1000 MT Desktop Adapter).
[   24.849203] cloud-init[462]: Cloud-init v. 19.4-33-gbb4131a2-0ubuntu1~16.04.1 running 'init-local' at Tue, 23 Jun 2020 13:44:46 +0000. Up 23.65 seconds.
[[0;32m  OK  [0m] Started Initial cloud-init job (pre-networking).
[[0;32m  OK  [0m] Reached target Network (Pre).
[[0;32m  OK  [0m] Started ifup for enp0s3.
[[0;32m  OK  [0m] Started ifup for enp0s8.
         Starting Raise network interfaces...
[[0;32m  OK  [0m] Started Raise network interfaces.
         Starting Initial cloud-init job (metadata service crawler)...
[[0;32m  OK  [0m] Reached target Network.
[   27.174553] cloud-init[1087]: Cloud-init v. 19.4-33-gbb4131a2-0ubuntu1~16.04.1 running 'init' at Tue, 23 Jun 2020 13:44:48 +0000. Up 26.25 seconds.
[   27.185167] cloud-init[1087]: ci-info: ++++++++++++++++++++++++++++++++++++++Net device info+++++++++++++++++++++++++++++++++++++++
[   27.190006] cloud-init[1087]: ci-info: +--------+------+-----------------------------+---------------+--------+-------------------+
[   27.194313] cloud-init[1087]: ci-info: | Device |  Up  |           Address           |      Mask     | Scope  |     Hw-Address    |
[   27.199210] cloud-init[1087]: ci-info: +--------+------+-----------------------------+---------------+--------+-------------------+
[   27.203601] cloud-init[1087]: ci-info: | enp0s3 | True |          10.0.2.15          | 255.255.255.0 | global | 02:89:fa:04:16:8f |
[   27.209857] cloud-init[1087]: ci-info: | enp0s3 | True |  fe80::89:faff:fe04:168f/64 |       .       |  link  | 02:89:fa:04:16:8f |
[   27.214392] cloud-init[1087]: ci-info: | enp0s8 | True |        192.168.10.100       | 255.255.255.0 | global | 08:00:27:c0:31:2b |
[   27.219871] cloud-init[1087]: ci-info: | enp0s8 | True | fe80::a00:27ff:fec0:312b/64 |       .       |  link  | 08:00:27:c0:31:2b |
[   27.226228] cloud-init[1087]: ci-info: |   lo   | True |          127.0.0.1          |   255.0.0.0   |  host  |         .         |
[   27.231542] cloud-init[1087]: ci-info: |   lo   | True |           ::1/128           |       .       |  host  |         .         |
[   27.240137] cloud-init[1087]: ci-info: +--------+------+-----------------------------+---------------+--------+-------------------+
[   27.248164] cloud-init[1087]: ci-info: ++++++++++++++++++++++++++++Route IPv4 info++++++++++++++++++++++++++++
[   27.253060] cloud-init[1087]: ci-info: +-------+--------------+----------+---------------+-----------+-------+
[   27.258631] cloud-init[1087]: ci-info: | Route | Destination  | Gateway  |    Genmask    | Interface | Flags |
[   27.264851] [[0;32m  OK  [0m] Started Initial cloud-init job (metadata service crawler).
[[0;32m  OK  [0m] Reached target Network is Online.
cloud-init[1087]: ci-info: +-------+--------------+----------+---------------+-----------+-------+
[   27.270714] cloud-init[1087]: ci-info: |   0   |   0.0.0.0    | 10.0.2.2 |    0.0.0.0    |   enp0s3  |   UG  |
[   27.275374] cloud-init[1087]: ci-info: |   1   |   10.0.2.0   | 0.0.0.0  | 255.255.255.0 |   enp0s3  |   U   |
[   27.279374]          Starting iSCSI initiator daemon (iscsid)...
[[0;32m  OK  [0m] Reached target System Initialization.
[[0;32m  OK  [0m] Listening on D-Bus System Message Bus Socket.
cloud-init[1087]: ci-info: |   2   | 192.168.10.0 | 0.0.0.0  | 255.255.255.0 |   enp0s8  |   U   |
[   27.287601] cloud-init[1087]: ci-info: +-------+--------------+----------+---------------+-----------+-------+
[   27.296613] cloud-init[1087]: ci-info: +++++++++++++++++++Route IPv6 info+++++++++++++++++++
[   27.299444] cloud-init[1087]: ci-info: +-------+-------------+---------+-----------+-------+
[   27.302573] cloud-init[1087]: ci-info: | Route | Destination | Gateway | Interface | Flags |
[   27.305751] cloud-init[1087]: ci-info: +-------+-------------+---------+-----------+-------+
[   27.310378] cloud-init[1087]: ci-info: |   0   |  fe80::/64  |    ::   |   enp0s8  |   U   |
[   27.312782] cloud-init[1087]: ci-info: |   1   |  fe80::/64  |    ::   |   enp0s3  |   U   |
[[0;32m  OK  [0m] Started Message of the Day.
[   27.332363] cloud-init[1087]: ci-info: |   4   |   ff00::/8  |    ::   |   enp0s8  |   U   |
[   27.339315] cloud-init[1087]: ci-info: |   5   |   ff00::/8  |    ::   |   enp0s3  |   U   |
[   27.343224] cloud-init[1087]: ci-info: +-------+-------------+---------+-----------+-------+
         Starting LXD - unix socket.
[[0;32m  OK  [0m] Started ACPI Events Check.
[[0;32m  OK  [0m] Reached target Paths.
[[0;32m  OK  [0m] Started Daily apt download activities.
[[0;32m  OK  [0m] Started Daily apt upgrade and clean activities.
         Starting Socket activation for snappy daemon.
[[0;32m  OK  [0m] Listening on ACPID Listen Socket.
[[0;32m  OK  [0m] Listening on UUID daemon activation socket.
[[0;32m  OK  [0m] Started Daily Cleanup of Temporary Directories.
[[0;32m  OK  [0m] Reached target Timers.
[[0;32m  OK  [0m] Reached target Cloud-config availability.
[[0;32m  OK  [0m] Listening on LXD - unix socket.
[[0;32m  OK  [0m] Listening on Socket activation for snappy daemon.
[[0;32m  OK  [0m] Reached target Sockets.
[[0;32m  OK  [0m] Reached target Basic System.
         Starting /etc/rc.local Compatibility...
[[0;32m  OK  [0m] Started ACPI event daemon.
[[0;32m  OK  [0m] Started D-Bus System Message Bus.
[[0;32m  OK  [0m] Started Deferred execution scheduler.
         Starting Login Service...
[[0;32m  OK  [0m] Started FUSE filesystem for LXC.
[[0;32m  OK  [0m] Started Regular background program processing daemon.
         Starting Virtualbox guest utils...
         Starting Snappy daemon...
         Starting LSB: Record successful boot for GRUB...
         Starting Accounts Service...
         Starting OpenBSD Secure Shell server...
         Starting LSB: MD monitoring daemon...
         Starting System Logging Service...
         Starting LXD - container startup/shutdown...
[[0;32m  OK  [0m] Started iSCSI initiator daemon (iscsid).
[[0;32m  OK  [0m] Started /etc/rc.local Compatibility.
[[0;32m  OK  [0m] Started Login Service.
[[0;32m  OK  [0m] Started Unattended Upgrades Shutdown.
         Starting Login to default iSCSI targets...
[[0;32m  OK  [0m] Started LSB: MD monitoring daemon.
[[0;32m  OK  [0m] Started Login to default iSCSI targets.
[[0;32m  OK  [0m] Reached target Remote File Systems (Pre).
[[0;32m  OK  [0m] Reached target Remote File Systems.
         Starting Permit User Sessions...
         Starting LSB: daemon to balance interrupts for SMP systems...
         Starting LSB: automatic crash report generation...
         Starting LSB: Set the CPU Frequency Scaling governor to "ondemand"...
[[0;32m  OK  [0m] Started LSB: Set the CPU Frequency Scaling governor to "ondemand".
[[0;32m  OK  [0m] Started LSB: Record successful boot for GRUB.
[[0;32m  OK  [0m] Started Permit User Sessions.
         Starting Terminate Plymouth Boot Screen...
         Starting Hold until boot process finishes up...
[[0;32m  OK  [0m] Started Hold until boot process finishes up.
[[0;32m  OK  [0m] Started Terminate Plymouth Boot Screen.
         Starting Set console scheme...
[[0;32m  OK  [0m] Started Getty on tty1.
[[0;32m  OK  [0m] Started Serial Getty on ttyS0.
[[0;32m  OK  [0m] Reached target Login Prompts.
[[0;32m  OK  [0m] Started System Logging Service.
[[0;32m  OK  [0m] Started Set console scheme.
[[0;32m  OK  [0m] Started LSB: automatic crash report generation.
[[0;32m  OK  [0m] Started LSB: daemon to balance interrupts for SMP systems.
[[0;32m  OK  [0m] Started Virtualbox guest utils.
         Starting Authenticate and Authorize Users to Run Privileged Tasks...
[[0;32m  OK  [0m] Started OpenBSD Secure Shell server.
[[0;32m  OK  [0m] Started Authenticate and Authorize Users to Run Privileged Tasks.
[[0;32m  OK  [0m] Started Accounts Service.
[[0;32m  OK  [0m] Created slice User Slice of vagrant.
         Starting User Manager for UID 1000...
[[0;32m  OK  [0m] Started Session 1 of user vagrant.
[[0;32m  OK  [0m] Started User Manager for UID 1000.
[[0;32m  OK  [0m] Started LXD - container startup/shutdown.

Ubuntu 16.04.6 LTS ubuntu-xenial ttyS0

ubuntu-xenial login: [   37.014800] cloud-init[1427]: Cloud-init v. 19.4-33-gbb4131a2-0ubuntu1~16.04.1 running 'modules:config' at Tue, 23 Jun 2020 13:44:59 +0000. Up 36.62 seconds.
[   38.345449] cloud-init[1447]: Cloud-init v. 19.4-33-gbb4131a2-0ubuntu1~16.04.1 running 'modules:final' at Tue, 23 Jun 2020 13:45:00 +0000. Up 38.00 seconds.
[   38.345830] cloud-init[1447]: Cloud-init v. 19.4-33-gbb4131a2-0ubuntu1~16.04.1 finished at Tue, 23 Jun 2020 13:45:00 +0000. Datasource DataSourceNoCloud [seed=/dev/sdb][dsmode=net].  Up 38.33 seconds
