[    0.000000] Initializing cgroup subsys cpuset
[    0.000000] Initializing cgroup subsys cpu
[    0.000000] Initializing cgroup subsys cpuacct
[    0.000000] Linux version 4.4.0-184-generic (buildd@lgw01-amd64-060) (gcc version 5.4.0 20160609 (Ubuntu 5.4.0-6ubuntu1~16.04.12) ) #214-Ubuntu SMP Thu Jun 4 10:14:11 UTC 2020 (Ubuntu 4.4.0-184.214-generic 4.4.223)
[    0.000000] Command line: BOOT_IMAGE=/boot/vmlinuz-4.4.0-184-generic root=LABEL=cloudimg-rootfs ro console=tty1 console=ttyS0
[    0.000000] KERNEL supported cpus:
[    0.000000]   Intel GenuineIntel
[    0.000000]   AMD AuthenticAMD
[    0.000000]   Centaur CentaurHauls
[    0.000000] x86/fpu: xstate_offset[2]:  576, xstate_sizes[2]:  256
[    0.000000] x86/fpu: Supporting XSAVE feature 0x01: 'x87 floating point registers'
[    0.000000] x86/fpu: Supporting XSAVE feature 0x02: 'SSE registers'
[    0.000000] x86/fpu: Supporting XSAVE feature 0x04: 'AVX registers'
[    0.000000] x86/fpu: Enabled xstate features 0x7, context size is 832 bytes, using 'standard' format.
[    0.000000] e820: BIOS-provided physical RAM map:
[    0.000000] BIOS-e820: [mem 0x0000000000000000-0x000000000009fbff] usable
[    0.000000] BIOS-e820: [mem 0x000000000009fc00-0x000000000009ffff] reserved
[    0.000000] BIOS-e820: [mem 0x00000000000f0000-0x00000000000fffff] reserved
[    0.000000] BIOS-e820: [mem 0x0000000000100000-0x000000003ffeffff] usable
[    0.000000] BIOS-e820: [mem 0x000000003fff0000-0x000000003fffffff] ACPI data
[    0.000000] BIOS-e820: [mem 0x00000000fec00000-0x00000000fec00fff] reserved
[    0.000000] BIOS-e820: [mem 0x00000000fee00000-0x00000000fee00fff] reserved
[    0.000000] BIOS-e820: [mem 0x00000000fffc0000-0x00000000ffffffff] reserved
[    0.000000] NX (Execute Disable) protection: active
[    0.000000] SMBIOS 2.5 present.
[    0.000000] Hypervisor detected: KVM
[    0.000000] e820: last_pfn = 0x3fff0 max_arch_pfn = 0x400000000
[    0.000000] MTRR: Disabled
[    0.000000] x86/PAT: MTRRs disabled, skipping PAT initialization too.
[    0.000000] CPU MTRRs all blank - virtualized system.
[    0.000000] x86/PAT: Configuration [0-7]: WB  WT  UC- UC  WB  WT  UC- UC  
[    0.000000] found SMP MP-table at [mem 0x0009fff0-0x0009ffff] mapped at [ffff88000009fff0]
[    0.000000] Scanning 1 areas for low memory corruption
[    0.000000] RAMDISK: [mem 0x362de000-0x37166fff]
[    0.000000] ACPI: Early table checksum verification disabled
[    0.000000] ACPI: RSDP 0x00000000000E0000 000024 (v02 VBOX  )
[    0.000000] ACPI: XSDT 0x000000003FFF0030 00003C (v01 VBOX   VBOXXSDT 00000001 ASL  00000061)
[    0.000000] ACPI: FACP 0x000000003FFF00F0 0000F4 (v04 VBOX   VBOXFACP 00000001 ASL  00000061)
[    0.000000] ACPI: DSDT 0x000000003FFF0470 002325 (v02 VBOX   VBOXBIOS 00000002 INTL 20100528)
[    0.000000] ACPI: FACS 0x000000003FFF0200 000040
[    0.000000] ACPI: FACS 0x000000003FFF0200 000040
[    0.000000] ACPI: APIC 0x000000003FFF0240 00005C (v02 VBOX   VBOXAPIC 00000001 ASL  00000061)
[    0.000000] ACPI: SSDT 0x000000003FFF02A0 0001CC (v01 VBOX   VBOXCPUT 00000002 INTL 20100528)
[    0.000000] No NUMA configuration found
[    0.000000] Faking a node at [mem 0x0000000000000000-0x000000003ffeffff]
[    0.000000] NODE_DATA(0) allocated [mem 0x3ffeb000-0x3ffeffff]
[    0.000000] kvm-clock: Using msrs 4b564d01 and 4b564d00
[    0.000000] kvm-clock: cpu 0, msr 0:3ffe3001, primary cpu clock
[    0.000000] kvm-clock: using sched offset of 9343890983 cycles
[    0.000000] clocksource: kvm-clock: mask: 0xffffffffffffffff max_cycles: 0x1cd42e4dffb, max_idle_ns: 881590591483 ns
[    0.000000] Zone ranges:
[    0.000000]   DMA      [mem 0x0000000000001000-0x0000000000ffffff]
[    0.000000]   DMA32    [mem 0x0000000001000000-0x000000003ffeffff]
[    0.000000]   Normal   empty
[    0.000000]   Device   empty
[    0.000000] Movable zone start for each node
[    0.000000] Early memory node ranges
[    0.000000]   node   0: [mem 0x0000000000001000-0x000000000009efff]
[    0.000000]   node   0: [mem 0x0000000000100000-0x000000003ffeffff]
[    0.000000] Initmem setup node 0 [mem 0x0000000000001000-0x000000003ffeffff]
[    0.000000] ACPI: PM-Timer IO Port: 0x4008
[    0.000000] IOAPIC[0]: apic_id 2, version 32, address 0xfec00000, GSI 0-23
[    0.000000] ACPI: INT_SRC_OVR (bus 0 bus_irq 0 global_irq 2 dfl dfl)
[    0.000000] ACPI: INT_SRC_OVR (bus 0 bus_irq 9 global_irq 9 low level)
[    0.000000] Using ACPI (MADT) for SMP configuration information
[    0.000000] smpboot: Allowing 2 CPUs, 0 hotplug CPUs
[    0.000000] PM: Registered nosave memory: [mem 0x00000000-0x00000fff]
[    0.000000] PM: Registered nosave memory: [mem 0x0009f000-0x0009ffff]
[    0.000000] PM: Registered nosave memory: [mem 0x000a0000-0x000effff]
[    0.000000] PM: Registered nosave memory: [mem 0x000f0000-0x000fffff]
[    0.000000] e820: [mem 0x40000000-0xfebfffff] available for PCI devices
[    0.000000] Booting paravirtualized kernel on KVM
[    0.000000] clocksource: refined-jiffies: mask: 0xffffffff max_cycles: 0xffffffff, max_idle_ns: 7645519600211568 ns
[    0.000000] setup_percpu: NR_CPUS:512 nr_cpumask_bits:512 nr_cpu_ids:2 nr_node_ids:1
[    0.000000] PERCPU: Embedded 33 pages/cpu @ffff88003fc00000 s95448 r8192 d31528 u1048576
[    0.000000] Built 1 zonelists in Node order, mobility grouping on.  Total pages: 257912
[    0.000000] Policy zone: DMA32
[    0.000000] Kernel command line: BOOT_IMAGE=/boot/vmlinuz-4.4.0-184-generic root=LABEL=cloudimg-rootfs ro console=tty1 console=ttyS0
[    0.000000] PID hash table entries: 4096 (order: 3, 32768 bytes)
[    0.000000] Memory: 997664K/1048120K available (8632K kernel code, 1336K rwdata, 4036K rodata, 1492K init, 1292K bss, 50456K reserved, 0K cma-reserved)
[    0.000000] SLUB: HWalign=64, Order=0-3, MinObjects=0, CPUs=2, Nodes=1
[    0.000000] Kernel/User page tables isolation: enabled
[    0.000000] Hierarchical RCU implementation.
[    0.000000] 	Build-time adjustment of leaf fanout to 64.
[    0.000000] 	RCU restricting CPUs from NR_CPUS=512 to nr_cpu_ids=2.
[    0.000000] RCU: Adjusting geometry for rcu_fanout_leaf=64, nr_cpu_ids=2
[    0.000000] NR_IRQS:33024 nr_irqs:440 16
[    0.000000] Console: colour VGA+ 80x25
[    0.000000] console [tty1] enabled
[    0.000000] console [ttyS0] enabled
[    0.000000] tsc: Detected 2394.458 MHz processor
[    0.988383] Calibrating delay loop (skipped) preset value.. 4788.91 BogoMIPS (lpj=9577832)
[    1.005111] pid_max: default: 32768 minimum: 301
[    1.016143] ACPI: Core revision 20150930
[    1.026709] ACPI: 2 ACPI AML tables successfully acquired and loaded
[    1.038864] Security Framework initialized
[    1.046348] Yama: becoming mindful.
[    1.051315] AppArmor: AppArmor initialized
[    1.055253] Dentry cache hash table entries: 131072 (order: 8, 1048576 bytes)
[    1.075652] Inode-cache hash table entries: 65536 (order: 7, 524288 bytes)
[    1.085585] Mount-cache hash table entries: 2048 (order: 2, 16384 bytes)
[    1.090307] Mountpoint-cache hash table entries: 2048 (order: 2, 16384 bytes)
[    1.099707] Initializing cgroup subsys io
[    1.104333] Initializing cgroup subsys memory
[    1.108495] Initializing cgroup subsys devices
[    1.116146] Initializing cgroup subsys freezer
[    1.120918] Initializing cgroup subsys net_cls
[    1.135832] Initializing cgroup subsys perf_event
[    1.140960] Initializing cgroup subsys net_prio
[    1.148349] Initializing cgroup subsys hugetlb
[    1.152686] Initializing cgroup subsys pids
[    1.167125] mce: CPU supports 0 MCE banks
[    1.171361] Last level iTLB entries: 4KB 64, 2MB 8, 4MB 8
[    1.175701] Last level dTLB entries: 4KB 64, 2MB 0, 4MB 0, 1GB 4
[    1.197615] Spectre V1 : Mitigation: usercopy/swapgs barriers and __user pointer sanitization
[    1.209934] Spectre V2 : Mitigation: Full generic retpoline
[    1.220932] Spectre V2 : Spectre v2 / SpectreRSB mitigation: Filling RSB on context switch
[    1.226675] Speculative Store Bypass: Vulnerable
[    1.234632] SRBDS: Unknown: Dependent on hypervisor status
[    1.248580] MDS: Vulnerable: Clear CPU buffers attempted, no microcode
[    1.268319] Freeing SMP alternatives memory: 36K
[    1.306106] ftrace: allocating 32319 entries in 127 pages
[    1.727566] smpboot: APIC(0) Converting physical 0 to logical package 0
[    1.745933] smpboot: Max logical packages: 1
[    1.756269] x2apic enabled
[    1.765488] Switched APIC routing to physical x2apic.
[    1.796328] ..TIMER: vector=0x30 apic1=0 pin1=2 apic2=-1 pin2=-1
[    1.919109] smpboot: CPU0: Intel(R) Core(TM) i7-5500U CPU @ 2.40GHz (family: 0x6, model: 0x3d, stepping: 0x4)
[    1.933453] Performance Events: unsupported p6 CPU model 61 no PMU driver, software events only.
[    2.002103] KVM setup paravirtual spinlock
[    2.007356] x86: Booting SMP configuration:
[    2.010332] .... node  #0, CPUs:      #1
[    2.015672] kvm-clock: cpu 1, msr 0:3ffe3041, secondary cpu clock
[    2.021302] mce: CPU supports 0 MCE banks
[    2.025103] x86: Booted up 1 node, 2 CPUs
[    2.031213] smpboot: Total of 2 processors activated (9577.83 BogoMIPS)
[    2.038438] devtmpfs: initialized
[    2.067386] evm: security.selinux
[    2.071462] evm: security.SMACK64
[    2.074272] evm: security.SMACK64EXEC
[    2.076950] evm: security.SMACK64TRANSMUTE
[    2.087965] evm: security.SMACK64MMAP
[    2.096076] evm: security.ima
[    2.100016] evm: security.capability
[    2.103507] clocksource: jiffies: mask: 0xffffffff max_cycles: 0xffffffff, max_idle_ns: 7645041785100000 ns
[    2.110299] futex hash table entries: 512 (order: 3, 32768 bytes)
[    2.115731] pinctrl core: initialized pinctrl subsystem
[    2.124415] RTC time: 16:32:27, date: 06/26/20
[    2.129745] NET: Registered protocol family 16
[    2.149047] cpuidle: using governor ladder
[    2.175365] cpuidle: using governor menu
[    2.183552] PCCT header not found.
[    2.190355] ACPI: bus type PCI registered
[    2.193905] acpiphp: ACPI Hot Plug PCI Controller Driver version: 0.5
[    2.215124] PCI: Using configuration type 1 for base access
[    2.244761] ACPI: Added _OSI(Module Device)
[    2.249981] ACPI: Added _OSI(Processor Device)
[    2.253247] ACPI: Added _OSI(3.0 _SCP Extensions)
[    2.256423] ACPI: Added _OSI(Processor Aggregator Device)
[    2.273932] ACPI: Executed 1 blocks of module-level executable AML code
[    2.300338] ACPI: Interpreter enabled
[    2.304826] ACPI: (supports S0 S5)
[    2.313934] ACPI: Using IOAPIC for interrupt routing
[    2.318723] PCI: Using host bridge windows from ACPI; if necessary, use "pci=nocrs" and report a bug
[    2.358504] ACPI: PCI Root Bridge [PCI0] (domain 0000 [bus 00-ff])
[    2.368642] acpi PNP0A03:00: _OSC: OS supports [ASPM ClockPM Segments MSI]
[    2.377625] acpi PNP0A03:00: _OSC: not requesting OS control; OS requires [ExtendedConfig ASPM ClockPM MSI]
[    2.392410] acpi PNP0A03:00: fail to add MMCONFIG information, can't access extended PCI configuration space under this bridge.
[    2.408201] PCI host bridge to bus 0000:00
[    2.418796] pci_bus 0000:00: root bus resource [io  0x0000-0x0cf7 window]
[    2.424520] pci_bus 0000:00: root bus resource [io  0x0d00-0xffff window]
[    2.429004] pci_bus 0000:00: root bus resource [mem 0x000a0000-0x000bffff window]
[    2.444446] pci_bus 0000:00: root bus resource [mem 0x40000000-0xfdffffff window]
[    2.459803] pci_bus 0000:00: root bus resource [bus 00-ff]
[    2.479420] pci 0000:00:01.1: legacy IDE quirk: reg 0x10: [io  0x01f0-0x01f7]
[    2.489489] pci 0000:00:01.1: legacy IDE quirk: reg 0x14: [io  0x03f6]
[    2.494230] pci 0000:00:01.1: legacy IDE quirk: reg 0x18: [io  0x0170-0x0177]
[    2.574784] pci 0000:00:01.1: legacy IDE quirk: reg 0x1c: [io  0x0376]
[    2.651469] pci 0000:00:07.0: quirk: [io  0x4000-0x403f] claimed by PIIX4 ACPI
[    2.665612] pci 0000:00:07.0: quirk: [io  0x4100-0x410f] claimed by PIIX4 SMB
[    2.705469] ACPI: PCI Interrupt Link [LNKA] (IRQs 5 9 10 *11)
[    2.710794] ACPI: PCI Interrupt Link [LNKB] (IRQs 5 9 *10 11)
[    2.717150] ACPI: PCI Interrupt Link [LNKC] (IRQs 5 *9 10 11)
[    2.723078] ACPI: PCI Interrupt Link [LNKD] (IRQs 5 9 10 *11)
[    2.728057] ACPI: Enabled 2 GPEs in block 00 to 07
[    2.735926] vgaarb: setting as boot device: PCI:0000:00:02.0
[    2.738966] vgaarb: device added: PCI:0000:00:02.0,decodes=io+mem,owns=io+mem,locks=none
[    2.743807] vgaarb: loaded
[    2.745915] vgaarb: bridge control possible 0000:00:02.0
[    2.750380] SCSI subsystem initialized
[    2.753368] ACPI: bus type USB registered
[    2.755479] usbcore: registered new interface driver usbfs
[    2.758411] usbcore: registered new interface driver hub
[    2.761691] usbcore: registered new device driver usb
[    2.765793] PCI: Using ACPI for IRQ routing
[    2.776331] NetLabel: Initializing
[    2.778383] NetLabel:  domain hash size = 128
[    2.781533] NetLabel:  protocols = UNLABELED CIPSOv4
[    2.785044] NetLabel:  unlabeled traffic allowed by default
[    2.790980] amd_nb: Cannot enumerate AMD northbridges
[    2.794684] clocksource: Switched to clocksource kvm-clock
[    2.844000] AppArmor: AppArmor Filesystem Enabled
[    2.849894] pnp: PnP ACPI init
[    2.856696] pnp: PnP ACPI: found 3 devices
[    2.881689] clocksource: acpi_pm: mask: 0xffffff max_cycles: 0xffffff, max_idle_ns: 2085701024 ns
[    2.891262] NET: Registered protocol family 2
[    2.894700] TCP established hash table entries: 8192 (order: 4, 65536 bytes)
[    2.900778] TCP bind hash table entries: 8192 (order: 5, 131072 bytes)
[    2.905483] TCP: Hash tables configured (established 8192 bind 8192)
[    2.909691] UDP hash table entries: 512 (order: 2, 16384 bytes)
[    2.915740] UDP-Lite hash table entries: 512 (order: 2, 16384 bytes)
[    2.926401] NET: Registered protocol family 1
[    2.931801] pci 0000:00:00.0: Limiting direct PCI/PCI transfers
[    2.936917] pci 0000:00:01.0: Activating ISA DMA hang workarounds
[    2.942122] Unpacking initramfs...
[    4.719913] Freeing initrd memory: 14884K
[    4.723183] RAPL PMU detected, API unit is 2^-32 Joules, 4 fixed counters 10737418240 ms ovfl timer
[    4.730890] hw unit of domain pp0-core 2^-0 Joules
[    4.736098] hw unit of domain package 2^-0 Joules
[    4.739749] hw unit of domain dram 2^-0 Joules
[    4.743513] hw unit of domain pp1-gpu 2^-0 Joules
[    4.753697] clocksource: tsc: mask: 0xffffffffffffffff max_cycles: 0x2283c44026a, max_idle_ns: 440795260713 ns
[    4.765986] platform rtc_cmos: registered platform RTC device (no PNP device found)
[    4.774020] Scanning for low memory corruption every 60 seconds
[    4.787927] audit: initializing netlink subsys (disabled)
[    4.792160] audit: type=2000 audit(1593189159.597:1): initialized
[    4.800921] Initialise system trusted keyring
[    4.806788] HugeTLB registered 2 MB page size, pre-allocated 0 pages
[    4.818254] zbud: loaded
[    4.822284] VFS: Disk quotas dquot_6.6.0
[    4.827117] VFS: Dquot-cache hash table entries: 512 (order 0, 4096 bytes)
[    4.837134] squashfs: version 4.0 (2009/01/31) Phillip Lougher
[    4.850192] fuse init (API version 7.23)
[    4.855354] Key type big_key registered
[    4.860479] Allocating IMA MOK and blacklist keyrings.
[    4.874211] Key type asymmetric registered
[    4.880934] Asymmetric key parser 'x509' registered
[    4.885098] Block layer SCSI generic (bsg) driver version 0.4 loaded (major 249)
[    4.892506] io scheduler noop registered
[    4.898135] io scheduler deadline registered (default)
[    4.915536] io scheduler cfq registered
[    4.921393] pci_hotplug: PCI Hot Plug PCI Core version: 0.5
[    4.925323] pciehp: PCI Express Hot Plug Controller Driver version: 0.4
[    4.935507] ACPI: AC Adapter [AC] (on-line)
[    4.944545] input: Power Button as /devices/LNXSYSTM:00/LNXPWRBN:00/input/input0
[    4.970650] ACPI: Power Button [PWRF]
[    4.974662] input: Sleep Button as /devices/LNXSYSTM:00/LNXSLPBN:00/input/input1
[    4.991432] ACPI: Sleep Button [SLPF]
[    5.002320] GHES: HEST is not enabled!
[    5.004591] ACPI: Battery Slot [BAT0] (battery present)
[    5.009885] Serial: 8250/16550 driver, 32 ports, IRQ sharing enabled
[    5.051792] 00:02: ttyS0 at I/O 0x3f8 (irq = 4, base_baud = 115200) is a 16550A
[    5.071055] Linux agpgart interface v0.103
[    5.083664] loop: module loaded
[    5.088116] scsi host0: ata_piix
[    5.091264] scsi host1: ata_piix
[    5.093403] ata1: PATA max UDMA/33 cmd 0x1f0 ctl 0x3f6 bmdma 0xd000 irq 14
[    5.099425] ata2: PATA max UDMA/33 cmd 0x170 ctl 0x376 bmdma 0xd008 irq 15
[    5.104680] libphy: Fixed MDIO Bus: probed
[    5.108099] tun: Universal TUN/TAP device driver, 1.6
[    5.115621] tun: (C) 1999-2004 Max Krasnyansky <maxk@qualcomm.com>
[    5.121541] PPP generic driver version 2.4.2
[    5.125467] ehci_hcd: USB 2.0 'Enhanced' Host Controller (EHCI) Driver
[    5.134453] ehci-pci: EHCI PCI platform driver
[    5.137629] ehci-platform: EHCI generic platform driver
[    5.141581] ohci_hcd: USB 1.1 'Open' Host Controller (OHCI) Driver
[    5.146610] ohci-pci: OHCI PCI platform driver
[    5.154177] ohci-platform: OHCI generic platform driver
[    5.158254] uhci_hcd: USB Universal Host Controller Interface driver
[    5.164311] i8042: PNP: PS/2 Controller [PNP0303:PS2K,PNP0f03:PS2M] at 0x60,0x64 irq 1,12
[    5.174046] serio: i8042 KBD port at 0x60,0x64 irq 1
[    5.176743] serio: i8042 AUX port at 0x60,0x64 irq 12
[    5.183318] mousedev: PS/2 mouse device common for all mice
[    5.189585] input: AT Translated Set 2 keyboard as /devices/platform/i8042/serio0/input/input2
[    5.197952] rtc_cmos rtc_cmos: rtc core: registered rtc_cmos as rtc0
[    5.202283] rtc_cmos rtc_cmos: alarms up to one day, 114 bytes nvram
[    5.208231] i2c /dev entries driver
[    5.211606] device-mapper: uevent: version 1.0.3
[    5.216873] device-mapper: ioctl: 4.34.0-ioctl (2015-10-28) initialised: dm-devel@redhat.com
[    5.224625] ledtrig-cpu: registered to indicate activity on CPUs
[    5.233425] NET: Registered protocol family 10
[    5.240061] NET: Registered protocol family 17
[    5.243535] Key type dns_resolver registered
[    5.250397] registered taskstats version 1
[    5.257354] Loading compiled-in X.509 certificates
[    5.264554] Loaded X.509 cert 'Build time autogenerated kernel key: b6ae09eed57f82583ccd3c65c463e852cdd7a0b5'
[    5.283854] zswap: loaded using pool lzo/zbud
[    5.336069] Key type trusted registered
[    5.357303] Key type encrypted registered
[    5.360670] AppArmor: AppArmor sha1 policy hashing enabled
[    5.367962] ima: No TPM chip found, activating TPM-bypass!
[    5.372493] ima: Allocated hash algorithm: sha1
[    5.375535] evm: HMAC attrs: 0x1
[    5.380571]   Magic number: 8:130:541
[    5.385002] rtc_cmos rtc_cmos: setting system clock to 2020-06-26 16:32:30 UTC (1593189150)
[    5.408637] BIOS EDD facility v0.16 2004-Jun-25, 0 devices found
[    5.417027] EDD information not available.
[    5.432781] Freeing unused kernel memory: 1492K
[    5.436355] Write protecting the kernel read-only data: 14336k
[    5.442501] Freeing unused kernel memory: 1596K
[    5.457900] Freeing unused kernel memory: 60K
Loading, please wait...
starting version 229
[    5.537311] random: systemd-udevd: uninitialized urandom read (16 bytes read, 5 bits of entropy available)
[    5.546251] random: udevadm: uninitialized urandom read (16 bytes read, 5 bits of entropy available)
[    5.546313] random: udevadm: uninitialized urandom read (16 bytes read, 5 bits of entropy available)
[    5.585013] random: systemd-udevd: uninitialized urandom read (16 bytes read, 5 bits of entropy available)
[    5.592739] random: systemd-udevd: uninitialized urandom read (16 bytes read, 5 bits of entropy available)
[    5.605245] random: udevadm: uninitialized urandom read (16 bytes read, 5 bits of entropy available)
[    5.605377] random: udevadm: uninitialized urandom read (16 bytes read, 5 bits of entropy available)
[    5.605839] random: udevadm: uninitialized urandom read (16 bytes read, 5 bits of entropy available)
[    5.606007] random: udevadm: uninitialized urandom read (16 bytes read, 5 bits of entropy available)
[    5.606252] random: udevadm: uninitialized urandom read (16 bytes read, 5 bits of entropy available)
[    5.962646] Fusion MPT base driver 3.04.20
[    5.966583] Copyright (c) 1999-2008 LSI Corporation
[    6.022269] e1000: Intel(R) PRO/1000 Network Driver - version 7.3.21-k8-NAPI
[    6.035122] e1000: Copyright (c) 1999-2006 Intel Corporation.
[    6.104576] Fusion MPT SPI Host driver 3.04.20
[    6.137385] AVX2 version of gcm_enc/dec engaged.
[    6.144345] AES CTR mode by8 optimization enabled
[    6.228126] input: ImExPS/2 Generic Explorer Mouse as /devices/platform/i8042/serio1/input/input4
[    7.322494] e1000 0000:00:03.0 eth0: (PCI:33MHz:32-bit) 02:89:fa:04:16:8f
[    7.326959] e1000 0000:00:03.0 eth0: Intel(R) PRO/1000 Network Connection
[    7.341569] mptbase: ioc0: Initiating bringup
[    7.412372] ioc0: LSI53C1030 A0: Capabilities={Initiator}
[    7.585314] scsi host2: ioc0: LSI53C1030 A0, FwRev=00000000h, Ports=1, MaxQ=256, IRQ=20
[    7.749982] scsi 2:0:0:0: Direct-Access     VBOX     HARDDISK         1.0  PQ: 0 ANSI: 5
[    7.783171] scsi target2:0:0: Beginning Domain Validation
[    7.790792] scsi target2:0:0: Domain Validation skipping write tests
[    7.795672] scsi target2:0:0: Ending Domain Validation
[    7.800518] scsi target2:0:0: asynchronous
[    7.943072] scsi 2:0:1:0: Direct-Access     VBOX     HARDDISK         1.0  PQ: 0 ANSI: 5
[    7.951982] scsi target2:0:1: Beginning Domain Validation
[    7.959874] scsi target2:0:1: Domain Validation skipping write tests
[    7.965290] scsi target2:0:1: Ending Domain Validation
[    7.982176] scsi target2:0:1: asynchronous
[    8.005069] sd 2:0:0:0: Attached scsi generic sg0 type 0
[    8.011116] sd 2:0:1:0: Attached scsi generic sg1 type 0
[    8.016638] sd 2:0:0:0: [sda] 20971520 512-byte logical blocks: (10.7 GB/10.0 GiB)
[    8.033471] sd 2:0:1:0: [sdb] 20480 512-byte logical blocks: (10.5 MB/10.0 MiB)
[    8.043539] sd 2:0:1:0: [sdb] Write Protect is off
[    8.053414] sd 2:0:0:0: [sda] Write Protect is off
[    8.057357] sd 2:0:1:0: [sdb] Incomplete mode parameter data
[    8.065179] sd 2:0:1:0: [sdb] Assuming drive cache: write through
[    8.070477] sd 2:0:0:0: [sda] Incomplete mode parameter data
[    8.074503] sd 2:0:0:0: [sda] Assuming drive cache: write through
[    8.116358]  sda: sda1
[    8.122266] sd 2:0:1:0: [sdb] Attached SCSI disk
[    8.126861] sd 2:0:0:0: [sda] Attached SCSI disk
[    8.776058] e1000 0000:00:08.0 eth1: (PCI:33MHz:32-bit) 08:00:27:01:38:77
[    8.790866] e1000 0000:00:08.0 eth1: Intel(R) PRO/1000 Network Connection
[    8.802292] e1000 0000:00:03.0 enp0s3: renamed from eth0
[    8.825424] e1000 0000:00:08.0 enp0s8: renamed from eth1
Begin: Loading essential drivers ... [   12.698931] md: linear personality registered for level -1
[   12.718816] md: multipath personality registered for level -4
[   12.736208] md: raid0 personality registered for level 0
[   12.753717] md: raid1 personality registered for level 1
[   12.843137] raid6: sse2x1   gen()   939 MB/s
[   12.915430] raid6: sse2x1   xor()   489 MB/s
[   12.991077] raid6: sse2x2   gen()  1561 MB/s
[   13.062888] raid6: sse2x2   xor()  1154 MB/s
[   13.146902] raid6: sse2x4   gen()  2490 MB/s
[   13.219112] raid6: sse2x4   xor()  1014 MB/s
[   13.287436] raid6: avx2x1   gen()  1701 MB/s
[   13.371949] raid6: avx2x2   gen()  2891 MB/s
[   13.442918] raid6: avx2x4   gen()  3429 MB/s
[   13.456301] raid6: using algorithm avx2x4 gen() 3429 MB/s
[   13.466819] raid6: using avx2x2 recovery algorithm
[   13.475941] xor: automatically using best checksumming function:
[   13.527344]    avx       :  8152.000 MB/sec
[   13.543069] async_tx: api initialized (async)
[   13.606062] md: raid6 personality registered for level 6
[   13.613676] md: raid5 personality registered for level 5
[   13.622127] md: raid4 personality registered for level 4
[   13.657542] md: raid10 personality registered for level 10
done.
Begin: Running /scripts/init-premount ... done.
Begin: Mounting root file system ... Begin: Running /scripts/local-top ... done.
Begin: Running /scripts/local-premount ... [   13.831437] Btrfs loaded
Scanning for Btrfs filesystems
done.
Warning: fsck not present, so skipping root file system
[   14.134705] EXT4-fs (sda1): mounted filesystem with ordered data mode. Opts: (null)
done.
Begin: Running /scripts/local-bottom ... done.
Begin: Running /scripts/init-bottom ... done.
[   14.566913] random: nonblocking pool is initialized
[   15.725202] systemd[1]: systemd 229 running in system mode. (+PAM +AUDIT +SELINUX +IMA +APPARMOR +SMACK +SYSVINIT +UTMP +LIBCRYPTSETUP +GCRYPT +GNUTLS +ACL +XZ -LZ4 +SECCOMP +BLKID +ELFUTILS +KMOD -IDN)
[   15.741245] systemd[1]: Detected virtualization oracle.
[   15.745950] systemd[1]: Detected architecture x86-64.

Welcome to [1mUbuntu 16.04.6 LTS[0m!

[   15.802674] systemd[1]: Set hostname to <ubuntu>.
[   15.865040] systemd[1]: Initializing machine ID from random generator.
[   15.868778] systemd[1]: Installed transient /etc/machine-id file.
[   19.264628] systemd[1]: Started Forward Password Requests to Wall Directory Watch.
[[0;32m  OK  [0m] Started Forward Password Requests to Wall Directory Watch.
[   19.282558] systemd[1]: Listening on Journal Socket.
[[0;32m  OK  [0m] Listening on Journal Socket.
[   19.300030] systemd[1]: Reached target Encrypted Volumes.
[[0;32m  OK  [0m] Reached target Encrypted Volumes.
[   19.307323] systemd[1]: Listening on LVM2 metadata daemon socket.
[[0;32m  OK  [0m] Listening on LVM2 metadata daemon socket.
[   19.315385] systemd[1]: Listening on LVM2 poll daemon socket.
[[0;32m  OK  [0m] Listening on LVM2 poll daemon socket.
[   19.321316] systemd[1]: Reached target Swap.
[[0;32m  OK  [0m] Reached target Swap.
[   19.326229] systemd[1]: Listening on udev Control Socket.
[[0;32m  OK  [0m] Listening on udev Control Socket.
[   19.337319] systemd[1]: Started Trigger resolvconf update for networkd DNS.
[[0;32m  OK  [0m] Started Trigger resolvconf update for networkd DNS.
[   19.356800] systemd[1]: Listening on udev Kernel Socket.
[[0;32m  OK  [0m] Listening on udev Kernel Socket.
[   19.370623] systemd[1]: Listening on Journal Audit Socket.
[[0;32m  OK  [0m] Listening on Journal Audit Socket.
[   19.386104] systemd[1]: Created slice System Slice.
[[0;32m  OK  [0m] Created slice System Slice.
[   19.436706] systemd[1]: Starting Load Kernel Modules...
         Starting Load Kernel Modules...
[   19.452451] systemd[1]: Starting Create list of required static device nodes for the current kernel...
         Starting Create list of required st... nodes for the current kernel...
[   19.470661] systemd[1]: Starting Set console keymap...
         Starting Set console keymap...
[   19.480404] systemd[1]: Mounting POSIX Message Queue File System...
         Mounting POSIX Message Queue File System...
[   19.493599] systemd[1]: Starting Uncomplicated firewall...
         Starting Uncomplicated firewall...
[   19.505032] systemd[1]: Created slice system-serial\x2dgetty.slice.
[[0;32m  OK  [0m] Created slice system-serial\x2dgetty.slice.
[   19.520628] systemd[1]: Mounting Debug File System...
         Mounting Debug File System...
[   19.534169] systemd[1]: Starting Remount Root and Kernel File Systems...
         Starting Remount Root and Kernel File Systems...
[   19.550911] systemd[1]: Starting Nameserver information manager...
         Starting Nameserver information manager...
[   19.566520] systemd[1]: Listening on Syslog Socket.
[   19.566622] EXT4-fs (sda1): re-mounted. Opts: (null)
[[0;32m  OK  [0m] Listening on Syslog Socket.
[   19.580656] systemd[1]: Reached target User and Group Name Lookups.
[[0;32m  OK  [0m] Reached target User and Group Name Lookups.
[   19.593096] systemd[1]: Set up automount Arbitrary Executable File Formats File System Automount Point.
[[0;32m  OK  [0m] Set up automount Arbitrary Executab...ats File System Automount Point.
[   19.698303] systemd[1]: Mounting Huge Pages File System...
         Mounting Huge Pages File System...
[   19.708172] systemd[1]: Reached target System Time Synchronized.
[[0;32m  OK  [0m] Reached target System Time Synchronized.
[   19.725383] systemd[1]: Listening on Journal Socket (/dev/log).
[   19.733584] Loading iSCSI transport class v2.0-870.
[[0;32m  OK  [0m] Listening on Journal Socket (/dev/log).
[   19.744211] systemd[1]: Starting Journal Service...
         Starting Journal Service...
[   19.759655] systemd[1]: Listening on Device-mapper event daemon FIFOs.
[[0;32m  OK  [0m] Listening on Device-mapper event daemon FIFOs.
[   19.801510] systemd[1]: Starting Monitoring of LVM2 mirrors, snapshots etc. using dmeventd or progress polling...
         Starting Monitoring of LVM2 mirrors... dmeventd or progress polling...
[   19.830538] systemd[1]: Listening on /dev/initctl Compatibility Named Pipe.
[[0;32m  OK  [0m] Listening on /dev/initctl Compatibility Named Pipe.
[   19.848894] systemd[1]: Created slice User and Session Slice.
[[0;32m  OK  [0m] Created slice User and Session Slice.
[   19.868971] systemd[1]: Reached target Slices.
[[0;32m  OK  [0m] Reached target Slices.
[   19.882773] iscsi: registered transport (tcp)
[   19.910609] systemd[1]: Mounted Huge Pages File System.
[[0;32m  OK  [0m] Mounted Huge Pages File System.
[   19.922339] systemd[1]: Mounted POSIX Message Queue File System.
[[0;32m  OK  [0m] Mounted POSIX Message Queue File System.
[   19.937109] systemd[1]: Mounted Debug File System.
[[0;32m  OK  [0m] Mounted Debug File System.
[   19.955251] systemd[1]: Started Create list of required static device nodes for the current kernel.
[[0;32m  OK  [0m] Started Create list of required sta...ce nodes for the current kernel.
[   19.994200] systemd[1]: Started Uncomplicated firewall.
[[0;32m  OK  [0m] Started Uncomplicated firewall.
[   20.008015] systemd[1]: Started Remount Root and Kernel File Systems.
[[0;32m  OK  [0m] Started Remount Root and Kernel File Systems.
[   20.204434] systemd[1]: Starting udev Coldplug all Devices...
         Starting udev Coldplug all Devices...
[   20.233148] systemd[1]: Starting Load/Save Random Seed...
         Starting Load/Save Random Seed...
[   20.258541] systemd[1]: Starting Create Static Device Nodes in /dev...
         Starting Create Static Device Nodes in /dev...
[   20.280638] systemd[1]: Started Set console keymap.
[[0;32m  OK  [0m] Started Set console keymap.
[   20.306399] systemd[1]: Started Nameserver information manager.
[[0;32m  OK  [0m] Started Nameserver information manager.
[   20.424168] systemd[1]: Started Load/Save Random Seed.
[[0;32m  OK  [0m] Started Load/Save Random Seed.
[   20.508640] systemd[1]: Started Journal Service.
[[0;32m  OK  [0m] Started Journal Service.
         Starting Flush Journal to Persistent Storage...
[[0;32m  OK  [0m] Started udev Coldplug all Devices.
[[0;32m  OK  [0m] Started LVM2 metadata daemon.
[   20.815473] systemd-journald[402]: Received request to flush runtime journal from PID 1
[[0;32m  OK  [0m] Started Flush Journal to Persistent Storage.
[   21.033312] iscsi: registered transport (iser)
[[0;32m  OK  [0m] Started Load Kernel Modules.
         Starting Apply Kernel Variables...
         Mounting FUSE Control File System...
[[0;32m  OK  [0m] Mounted FUSE Control File System.
[[0;32m  OK  [0m] Started Create Static Device Nodes in /dev.
         Starting udev Kernel Device Manager...
[[0;32m  OK  [0m] Started Apply Kernel Variables.
[[0;32m  OK  [0m] Started Monitoring of LVM2 mirrors,...ng dmeventd or progress polling.
[[0;32m  OK  [0m] Reached target Local File Systems (Pre).
[[0;32m  OK  [0m] Reached target Local File Systems.
         Starting Create Volatile Files and Directories...
         Starting Set console font and keymap...
         Starting Tell Plymouth To Write Out Runtime Data...
         Starting Commit a transient machine-id on disk...
         Starting LSB: AppArmor initialization...
         Starting Initial cloud-init job (pre-networking)...
[[0;32m  OK  [0m] Started Create Volatile Files and Directories.
         Starting Update UTMP about System Boot/Shutdown...
[[0;32m  OK  [0m] Started Commit a transient machine-id on disk.
[[0;32m  OK  [0m] Started Update UTMP about System Boot/Shutdown.
[[0;32m  OK  [0m] Started Tell Plymouth To Write Out Runtime Data.
[[0;32m  OK  [0m] Started udev Kernel Device Manager.
[[0;32m  OK  [0m] Started Dispatch Password Requests to Console Directory Watch.
[[0;32m  OK  [0m] Found device /dev/ttyS0.
[[0;32m  OK  [0m] Listening on Load/Save RF Kill Switch Status /dev/rfkill Watch.
[[0;32m  OK  [0m] Started Set console font and keymap.
[[0;32m  OK  [0m] Created slice system-getty.slice.
[[0;32m  OK  [0m] Started LSB: AppArmor initialization.
[   33.771890] cloud-init[487]: Cloud-init v. 19.4-33-gbb4131a2-0ubuntu1~16.04.1 running 'init-local' at Fri, 26 Jun 2020 16:32:58 +0000. Up 31.39 seconds.
[[0;32m  OK  [0m] Started Initial cloud-init job (pre-networking).
[[0;32m  OK  [0m] Reached target Network (Pre).
         Starting Raise network interfaces...
[[0;32m  OK  [0m] Started Raise network interfaces.
         Starting Initial cloud-init job (metadata service crawler)...
[[0;32m  OK  [0m] Reached target Network.
[   42.741733] cloud-init[965]: Cloud-init v. 19.4-33-gbb4131a2-0ubuntu1~16.04.1 running 'init' at Fri, 26 Jun 2020 16:33:04 +0000. Up 37.64 seconds.
[   42.752874] cloud-init[965]: ci-info: ++++++++++++++++++++++++++++++++++++++Net device info+++++++++++++++++++++++++++++++++++++++
[   42.762914] cloud-init[965]: ci-info: +--------+-------+----------------------------+---------------+--------+-------------------+
[   42.769149] cloud-init[965]: ci-info: | Device |   Up  |          Address           |      Mask     | Scope  |     Hw-Address    |
[   42.781612] cloud-init[965]: ci-info: +--------+-------+----------------------------+---------------+--------+-------------------+
[   42.816478] cloud-init[965]: ci-info: | enp0s3 |  True |         10.0.2.15          | 255.255.255.0 | global | 02:89:fa:04:16:8f |
[   42.828869] cloud-init[965]: ci-info: | enp0s3 |  True | fe80::89:faff:fe04:168f/64 |       .       |  link  | 02:89:fa:04:16:8f |
[   42.841639] cloud-init[965]: ci-info: | enp0s8 | False |             .              |       .       |   .    | 08:00:27:01:38:77 |
[   42.849586] cloud-init[965]: ci-info: |   lo   |  True |         127.0.0.1          |   255.0.0.0   |  host  |         .         |
[   42.868759] cloud-init[965]: ci-info: |   lo   |  True |          ::1/128           |       .       |  host  |         .         |
[   42.880409] cloud-init[965]: ci-info: +--------+-------+----------------------------+---------------+--------+-------------------+
[   42.887045] cloud-init[965]: ci-info: +++++++++++++++++++++++++++Route IPv4 info++++++++++++++++++++++++++++
[   42.895586] cloud-init[965]: ci-info: +-------+-------------+----------+---------------+-----------+-------+
[   42.900294] cloud-init[965]: ci-info: | Route | Destination | Gateway  |    Genmask    | Interface | Flags |
[   42.913539] cloud-init[965]: ci-info: +-------+-------------+----------+---------------+-----------+-------+
[   42.924799] cloud-init[965]: ci-info: |   0   |   0.0.0.0   | 10.0.2.2 |    0.0.0.0    |   enp0s3  |   UG  |
[   42.936443] cloud-init[965]: ci-info: |   1   |   10.0.2.0  | 0.0.0.0  | 255.255.255.0 |   enp0s3  |   U   |
[   42.942085] cloud-init[965]: ci-info: +-------+-------------+----------+---------------+-----------+-------+
[   42.950413] cloud-init[965]: ci-info: +++++++++++++++++++Route IPv6 info+++++++++++++++++++
[   42.954832] cloud-init[965]: ci-info: +-------+-------------+---------+-----------+-------+
[   42.960837] cloud-init[965]: ci-info: | Route | Destination | Gateway | Interface | Flags |
[   42.966097] cloud-init[965]: ci-info: +-------+-------------+---------+-----------+-------+
[   42.989195] cloud-init[965]: ci-info: |   0   |  fe80::/64  |    ::   |   enp0s3  |   U   |
[[0;32m  OK  [0m] Started Initial cloud-init job (metadata service crawler).
[   43.007805] cloud-init[965]: ci-info: |   4   |   ff00::/8  |    ::   |   enp0s3  |   U   |
[[0;32m  OK  [0m] Reached target Cloud-config availability.
[[0;32m  OK  [0m] Reached target Network is Online.
[   43.015903] cloud-init[965]:          Starting iSCSI initiator daemon (iscsid)...
[[0;32m  OK  [0m] Reached target System Initialization.
         Starting Socket activation for snappy daemon.ci-info: +-------+-------------+---------+-----------+-------+
[   43.045678] cloud-init[965]: Generating public/private rsa key pair.

[[0;32m  OK  [0m] Listening on UUID daemon activation socket.
[[0;32m  OK  [0m] Listening on D-Bus System Message Bus Socket.
[   43.054293] cloud-init[965]: Your identification has been saved in /etc/ssh/ssh_host_rsa_key.
[   43.058353] cloud-init[965]: Your public key has been saved in /etc/ssh/ssh_host_rsa_key.pub.
[   43.066189] cloud-init[965]: The key fingerprint is:
[   43.070210] cloud-init[965]: SHA256:UcEfGWkjUnWwXAE+Xe9QclxAt9qmAtHGy9aV9WO2PvM root@ubuntu-xenial
[   43.081612] cloud-init[965]: The key's randomart image is:
[   43.088319] cloud-init[[0;32m  OK  [0m] Started ACPI Events Check.
[[0;32m  OK  [0m] Reached target Paths.
[[0;32m  OK  [0m] Started Daily apt download activities.
[[0;32m  OK  [0m] Started Daily apt upgrade and clean activities.
[965]: +---[RSA 2048]----+
[   43.105838] cloud-init[965]: |         o+o=BB+O|         Starting LXD - unix socket.
[
[   43.113869] cloud-init[965]: |        ..=o*= *B|
[   43.115190] cloud-init[965]: |        .o B=ooBo|
[0;32m  OK  [0m] Listening on ACPID Listen Socket.
[[0;32m  OK  [0m] Started Daily Cleanup of Temporary Directories.
[[0;32m  OK  [0m] Started Message of the Day.
[   43.119864] cloud-init[965]: |         .+ +.*oo|
[[0;32m  OK  [0m] Reached target Timers.
[[0;32m  OK  [0m] Listening on Socket activation for snappy daemon.
[[0;32m  OK  [0m] Listening on LXD - unix socket.
[[0;32m  OK  [0m] Reached target Sockets.
[[0;32m  OK  [0m] Reached target Basic System.
[   43.137834] cloud-init[965]: |        S. + o +.|
[   43.141957] cloud-init[965]: |          o   +  |
[   43.149106] cloud-init[965]: |           . . + |
[   43.152686] cloud-init[965]: |            .   +|
[   43.155094] cloud-init[965]: |                E|
[   43.155842] cloud-init[965]: +----[SHA256]-----+
[[0;32m  OK  [0m] Started Deferred execution scheduler.
         Starting /etc/rc.local Compatibility...
[   43.156002] cloud-init[965]: Generating public/private dsa key pair.         Starting LSB: Record successful boot for GRUB...

[   43.189306]          Starting Virtualbox guest utils...
cloud-init[965]: Your identification has been saved in /etc/ssh/ssh_host_dsa_key.
[   43.213317] cloud-init[965]: Your public key has been saved in /etc/ssh/ssh_host_dsa_key.pub.
[   43.224439] cloud-init[965]: The key fingerprint is:
[   43.232664] cloud-init[965]: SHA256:aG0pgKfWdbvtERb7zmdfBNemzIfdxvph0GUtxuP2i6s root@ubuntu-xenial
[   43.237449] cloud-init[965]: The key's randomart image is:
[   43.242273] cloud-init[965]: +---[DSA 1024]----+
[   43.246543] cloud-init[[0;32m  OK  [0m] Started ACPI event daemon.
[965]: |                 |
[   43.256458] cloud-init[965]: |   .         .  o|
[   43.256945] cloud-init[965]: |  . o . . .   * B|
[   43.258059] [[0;32m  OK  [0m] Started FUSE filesystem for LXC.
cloud-init[965]: |   + o + o o =.%o|
[[0;32m  OK  [0m] Started D-Bus System Message Bus.
[   43.267232] cloud-init[965]: |  o . + S +  .B.B|
[   43.284110] cloud-init[965]: | .   . o + o ..* |
[   43.288013] cloud-init[965]: |        . o . .oo|
[   43.299320] cloud-init[965]: |         . +  =.+|
[   43.302755] cloud-init[965]: |          .E+=.oo|
[   43.305373] cloud-init[965]: +----[SHA256]-----+
[   43.310287] cloud-init[965]: Generating public/private ecdsa key pair.
[   43.315065] cloud-init[965]: Your identification has been saved in /etc/ssh/ssh_host_ecdsa_key.
[   43.320588] cloud-init[965]: Your public key has been saved in /etc/ssh/ssh_host_ecdsa_key.pub.
[   43.325061] cloud-init[965]: The key fingerprint is:
[   43.330797] cloud-init[965]: SHA256:mxfxxoqPW+63XZDpHUXuJNAS7ElfCYq7lM4orrIdnOc root@ubuntu-xenial
[   43.334456] cloud-init[965]: The key's randomart image is:
[   43.338177] cloud-init[965]: +---[ECDSA 256]---+
[   43.341386] cloud-init[965]: |           .o+. o|
[   43.347096] cloud-init[965]: |          . =..+.|
[   43.357057] cloud-init[965]: |         ..+ +..+|
[   43.364050] cloud-init[965]: |          o+o .*.|
[   43.367502] cloud-init[965]: |        S+. + +..|
[   43.370461] cloud-init[965]: |  . .   =+.+ . o.|
[   43.373143] cloud-init[965]: |   + o .+++   . o|
[   43.375824] cloud-init[965]: | .. = .  *  .. . |
[   43.384619] cloud-init[965]: | .oo.E  oo+....  |
[   43.388265] cloud-init[965]: +----[SHA256]-----+
[   43.390948] cloud-init[965]: Generating public/private ed25519 key pair.
[   43.396581] cloud-init[965]: Your identification has been saved in /etc/ssh/ssh_host_ed25519_key.
[   43.400410] cloud-init[965]: Your public key has been saved in /etc/ssh/ssh_host_ed25519_key.pub.
[   43.405006] cloud-init[965]: The key fingerprint is:
[   43.407638] cloud-init[965]: SHA256:AuTXlL/5ze1/qRl8Fmaw+RBUXmoR3ahoVPdhJQX1s+Y root@ubuntu-xenial
[   43.412735] cloud-init[965]: The key's randomart image is:
[   43.417045] cloud-init[965]: +--[ED25519 256]--+
[   43.421859] cloud-init[965]: |    .   .. ...B@B|
[   43.424127] cloud-init[965]: |   o   o. . ..+=*|
[   43.431366] cloud-init[965]: |    o . .o . +ooo|
[   43.433797] cloud-init[965]: |     o    + ..= o|
[   43.437154] cloud-init[965]: |      . S. o + * |
[   43.440744] cloud-init[965]: |       .  o . B .|
[   43.443746] cloud-init[965]: |           . = E.|
[   43.449032] cloud-init[965]: |            . B.o|
[   43.457105] cloud-init[965]: |             o..=|
[   43.464419] cloud-init[965]: +----[SHA256]-----+
         Starting Accounts Service...
         Starting LXD - container startup/shutdown...
         Starting LSB: MD monitoring daemon...
[[0;32m  OK  [0m] Started Regular background program processing daemon.
         Starting Snappy daemon...
         Starting Login Service...
         Starting System Logging Service...
         Starting Pollinate to seed the pseudo random number generator...
[[0;32m  OK  [0m] Started /etc/rc.local Compatibility.
[[0;32m  OK  [0m] Started iSCSI initiator daemon (iscsid).
         Starting Login to default iSCSI targets...
[[0;32m  OK  [0m] Started Login Service.
[[0;32m  OK  [0m] Started Unattended Upgrades Shutdown.
[[0;32m  OK  [0m] Started System Logging Service.
[[0;32m  OK  [0m] Started LSB: MD monitoring daemon.
[[0;32m  OK  [0m] Started Login to default iSCSI targets.
[[0;32m  OK  [0m] Reached target Remote File Systems (Pre).
[[0;32m  OK  [0m] Reached target Remote File Systems.
         Starting Permit User Sessions...
         Starting LSB: daemon to balance interrupts for SMP systems...
         Starting LSB: Set the CPU Frequency Scaling governor to "ondemand"...
         Starting LSB: automatic crash report generation...
[[0;32m  OK  [0m] Started LSB: Record successful boot for GRUB.
[[0;32m  OK  [0m] Started Permit User Sessions.
         Starting Terminate Plymouth Boot Screen...
         Starting Hold until boot process finishes up...
[[0;32m  OK  [0m] Started Terminate Plymouth Boot Screen.
[[0;32m  OK  [0m] Started Hold until boot process finishes up.
         Starting Set console scheme...
[[0;32m  OK  [0m] Started Getty on tty1.
[[0;32m  OK  [0m] Started Serial Getty on ttyS0.
[[0;32m  OK  [0m] Reached target Login Prompts.
[[0;32m  OK  [0m] Started LSB: Set the CPU Frequency Scaling governor to "ondemand".
[[0;32m  OK  [0m] Started Set console scheme.
[[0;32m  OK  [0m] Started LSB: automatic crash report generation.
[[0;32m  OK  [0m] Started LSB: daemon to balance interrupts for SMP systems.
[[0;32m  OK  [0m] Started Virtualbox guest utils.
         Starting Authenticate and Authorize Users to Run Privileged Tasks...
[[0;32m  OK  [0m] Started Authenticate and Authorize Users to Run Privileged Tasks.
[[0;32m  OK  [0m] Started Accounts Service.
[[0;32m  OK  [0m] Started Pollinate to seed the pseudo random number generator.
         Starting OpenBSD Secure Shell server...
[[0;32m  OK  [0m] Started LXD - container startup/shutdown.
[[0;32m  OK  [0m] Started OpenBSD Secure Shell server.
[[0;32m  OK  [0m] Started Snappy daemon.
         Starting Wait until snapd is fully seeded...
[[0;32m  OK  [0m] Created slice User Slice of vagrant.
         Starting User Manager for UID 1000...
[[0;32m  OK  [0m] Started Session 1 of user vagrant.

Ubuntu 16.04.6 LTS ubuntu-xenial ttyS0

ubuntu-xenial login: [   56.567462] cloud-init[1399]: Generating locales (this might take a while)...
[   65.976758] cloud-init[1399]:   en_US.UTF-8... done
[   65.979056] cloud-init[1399]: Generation complete.
[   81.465904] cloud-init[1399]: Cloud-init v. 19.4-33-gbb4131a2-0ubuntu1~16.04.1 running 'modules:config' at Fri, 26 Jun 2020 16:33:21 +0000. Up 54.95 seconds.
ci-info: no authorized SSH keys fingerprints found for user ubuntu.
<14>Jun 26 16:33:51 ec2: 
<14>Jun 26 16:33:51 ec2: #############################################################
<14>Jun 26 16:33:51 ec2: -----BEGIN SSH HOST KEY FINGERPRINTS-----
<14>Jun 26 16:33:51 ec2: 1024 SHA256:aG0pgKfWdbvtERb7zmdfBNemzIfdxvph0GUtxuP2i6s root@ubuntu-xenial (DSA)
<14>Jun 26 16:33:51 ec2: 256 SHA256:mxfxxoqPW+63XZDpHUXuJNAS7ElfCYq7lM4orrIdnOc root@ubuntu-xenial (ECDSA)
<14>Jun 26 16:33:51 ec2: 256 SHA256:AuTXlL/5ze1/qRl8Fmaw+RBUXmoR3ahoVPdhJQX1s+Y root@ubuntu-xenial (ED25519)
<14>Jun 26 16:33:51 ec2: 2048 SHA256:UcEfGWkjUnWwXAE+Xe9QclxAt9qmAtHGy9aV9WO2PvM root@ubuntu-xenial (RSA)
<14>Jun 26 16:33:51 ec2: -----END SSH HOST KEY FINGERPRINTS-----
<14>Jun 26 16:33:51 ec2: #############################################################
-----BEGIN SSH HOST KEY KEYS-----
ecdsa-sha2-nistp256 AAAAE2VjZHNhLXNoYTItbmlzdHAyNTYAAAAIbmlzdHAyNTYAAABBBPcTTyEJ9hcYxfOJLEPNTeQyP7aKDuSZtPtdnP86GGImUNE/dIPaKsYCxT148jnRFkK7h5cuJYTE0urFCAqid54= root@ubuntu-xenial
ssh-ed25519 AAAAC3NzaC1lZDI1NTE5AAAAILuqZzjb3JUDTw3AU0wJRQsWbbF+uXKxdxwVlycNEbRg root@ubuntu-xenial
ssh-rsa AAAAB3NzaC1yc2EAAAADAQABAAABAQDK6zk5/zpfF1sLAc2YSaELqWHE4UzZePBXMSbg6TQcQEl+2vUWS8fb+iUybgCHZ0xmqxzUzw3ZcKKnQMftbKlzjzc6vrml3GZFaX1cfTzbOwZUu1SVSsj4NBZkZZC85q53pDdPzJYSKO+3wnrGcK4RNmoqyCFUpU17HcF3hlyi30O3B6mc6enC7Kb0wjy0uI3RueODd79QIok0lCp7Ca1Pco4Y3V1wudDOj5rJ4ej3zSoRbQ1PW37mJJ+IxFHXVih5Tzo2nvxbQy5JlI+Oyk4G5P1RgQCstGmln4LFxSeDsvYxGYYiQw3qzSpaLuhjTtJNMzgd+6WrwKKTxQufEL0V root@ubuntu-xenial
-----END SSH HOST KEY KEYS-----
[   85.201846] cloud-init[1581]: Cloud-init v. 19.4-33-gbb4131a2-0ubuntu1~16.04.1 running 'modules:final' at Fri, 26 Jun 2020 16:33:50 +0000. Up 83.74 seconds.
[   85.202301] cloud-init[1581]: ci-info: no authorized SSH keys fingerprints found for user ubuntu.
[   85.203184] cloud-init[1581]: Cloud-init v. 19.4-33-gbb4131a2-0ubuntu1~16.04.1 finished at Fri, 26 Jun 2020 16:33:52 +0000. Datasource DataSourceNoCloud [seed=/dev/sdb][dsmode=net].  Up 85.14 seconds
